Archive member included to satisfy reference by file (symbol)

C:/msys64/mingw64/bin/../lib/gcc/x86_64-w64-mingw32/14.2.0/../../../../lib/libmingw32.a(lib64_libmingw32_a-gccmain.o)
                              C:/msys64/mingw64/bin/../lib/gcc/x86_64-w64-mingw32/14.2.0/../../../../lib/crt2.o (__main)
C:/msys64/mingw64/bin/../lib/gcc/x86_64-w64-mingw32/14.2.0/../../../../lib/libmingw32.a(lib64_libmingw32_a-natstart.o)
                              C:/msys64/mingw64/bin/../lib/gcc/x86_64-w64-mingw32/14.2.0/../../../../lib/crt2.o (__native_startup_lock)
C:/msys64/mingw64/bin/../lib/gcc/x86_64-w64-mingw32/14.2.0/../../../../lib/libmingw32.a(lib64_libmingw32_a-wildcard.o)
                              C:/msys64/mingw64/bin/../lib/gcc/x86_64-w64-mingw32/14.2.0/../../../../lib/crt2.o (_dowildcard)
C:/msys64/mingw64/bin/../lib/gcc/x86_64-w64-mingw32/14.2.0/../../../../lib/libmingw32.a(lib64_libmingw32_a-dllargv.o)
                              C:/msys64/mingw64/bin/../lib/gcc/x86_64-w64-mingw32/14.2.0/../../../../lib/crt2.o (_setargv)
C:/msys64/mingw64/bin/../lib/gcc/x86_64-w64-mingw32/14.2.0/../../../../lib/libmingw32.a(lib64_libmingw32_a-_newmode.o)
                              C:/msys64/mingw64/bin/../lib/gcc/x86_64-w64-mingw32/14.2.0/../../../../lib/crt2.o (_newmode)
C:/msys64/mingw64/bin/../lib/gcc/x86_64-w64-mingw32/14.2.0/../../../../lib/libmingw32.a(lib64_libmingw32_a-tlssup.o)
                              C:/msys64/mingw64/bin/../lib/gcc/x86_64-w64-mingw32/14.2.0/../../../../lib/crt2.o (__mingw_initltssuo_force)
C:/msys64/mingw64/bin/../lib/gcc/x86_64-w64-mingw32/14.2.0/../../../../lib/libmingw32.a(lib64_libmingw32_a-xncommod.o)
                              C:/msys64/mingw64/bin/../lib/gcc/x86_64-w64-mingw32/14.2.0/../../../../lib/crt2.o (_commode)
C:/msys64/mingw64/bin/../lib/gcc/x86_64-w64-mingw32/14.2.0/../../../../lib/libmingw32.a(lib64_libmingw32_a-cinitexe.o)
                              C:/msys64/mingw64/bin/../lib/gcc/x86_64-w64-mingw32/14.2.0/../../../../lib/crt2.o (__xc_z)
C:/msys64/mingw64/bin/../lib/gcc/x86_64-w64-mingw32/14.2.0/../../../../lib/libmingw32.a(lib64_libmingw32_a-merr.o)
                              C:/msys64/mingw64/bin/../lib/gcc/x86_64-w64-mingw32/14.2.0/../../../../lib/crt2.o (_matherr)
C:/msys64/mingw64/bin/../lib/gcc/x86_64-w64-mingw32/14.2.0/../../../../lib/libmingw32.a(lib64_libmingw32_a-CRT_fp10.o)
                              C:/msys64/mingw64/bin/../lib/gcc/x86_64-w64-mingw32/14.2.0/../../../../lib/crt2.o (_fpreset)
C:/msys64/mingw64/bin/../lib/gcc/x86_64-w64-mingw32/14.2.0/../../../../lib/libmingw32.a(lib64_libmingw32_a-mingw_helpers.o)
                              C:/msys64/mingw64/bin/../lib/gcc/x86_64-w64-mingw32/14.2.0/../../../../lib/crt2.o (__mingw_app_type)
C:/msys64/mingw64/bin/../lib/gcc/x86_64-w64-mingw32/14.2.0/../../../../lib/libmingw32.a(lib64_libmingw32_a-pseudo-reloc.o)
                              C:/msys64/mingw64/bin/../lib/gcc/x86_64-w64-mingw32/14.2.0/../../../../lib/crt2.o (_pei386_runtime_relocator)
C:/msys64/mingw64/bin/../lib/gcc/x86_64-w64-mingw32/14.2.0/../../../../lib/libmingw32.a(lib64_libmingw32_a-usermatherr.o)
                              C:/msys64/mingw64/bin/../lib/gcc/x86_64-w64-mingw32/14.2.0/../../../../lib/crt2.o (__mingw_setusermatherr)
C:/msys64/mingw64/bin/../lib/gcc/x86_64-w64-mingw32/14.2.0/../../../../lib/libmingw32.a(lib64_libmingw32_a-xtxtmode.o)
                              C:/msys64/mingw64/bin/../lib/gcc/x86_64-w64-mingw32/14.2.0/../../../../lib/crt2.o (_fmode)
C:/msys64/mingw64/bin/../lib/gcc/x86_64-w64-mingw32/14.2.0/../../../../lib/libmingw32.a(lib64_libmingw32_a-crt_handler.o)
                              C:/msys64/mingw64/bin/../lib/gcc/x86_64-w64-mingw32/14.2.0/../../../../lib/crt2.o (_gnu_exception_handler)
C:/msys64/mingw64/bin/../lib/gcc/x86_64-w64-mingw32/14.2.0/../../../../lib/libmingw32.a(lib64_libmingw32_a-tlsthrd.o)
                              C:/msys64/mingw64/bin/../lib/gcc/x86_64-w64-mingw32/14.2.0/../../../../lib/libmingw32.a(lib64_libmingw32_a-tlssup.o) (__mingw_TLScallback)
C:/msys64/mingw64/bin/../lib/gcc/x86_64-w64-mingw32/14.2.0/../../../../lib/libmingw32.a(lib64_libmingw32_a-tlsmcrt.o)
                              C:/msys64/mingw64/bin/../lib/gcc/x86_64-w64-mingw32/14.2.0/../../../../lib/libmingw32.a(lib64_libmingw32_a-tlssup.o) (_CRT_MT)
C:/msys64/mingw64/bin/../lib/gcc/x86_64-w64-mingw32/14.2.0/../../../../lib/libmingw32.a(lib64_libmingw32_a-pseudo-reloc-list.o)
                              C:/msys64/mingw64/bin/../lib/gcc/x86_64-w64-mingw32/14.2.0/../../../../lib/libmingw32.a(lib64_libmingw32_a-pseudo-reloc.o) (__RUNTIME_PSEUDO_RELOC_LIST__)
C:/msys64/mingw64/bin/../lib/gcc/x86_64-w64-mingw32/14.2.0/../../../../lib/libmingw32.a(lib64_libmingw32_a-pesect.o)
                              C:/msys64/mingw64/bin/../lib/gcc/x86_64-w64-mingw32/14.2.0/../../../../lib/libmingw32.a(lib64_libmingw32_a-pseudo-reloc.o) (__mingw_GetSectionForAddress)
[...]
Memory Configuration

Name             Origin             Length             Attributes
*default*        0x0000000000000000 0xffffffffffffffff

Linker script and memory map

                0x0000000140000000                __image_base__ = 0x140000000
                0x0000000000000000                __dll__ = 0x0
                0x0000000140000000                __ImageBase = 0x140000000
                0x0000000000001000                __section_alignment__ = 0x1000
                0x0000000000000200                __file_alignment__ = 0x200
                0x0000000000000004                __major_os_version__ = 0x4
                0x0000000000000000                __minor_os_version__ = 0x0
                0x0000000000000000                __major_image_version__ = 0x0
                0x0000000000000000                __minor_image_version__ = 0x0
                0x0000000000000005                __major_subsystem_version__ = 0x5
                0x0000000000000002                __minor_subsystem_version__ = 0x2
                0x0000000000000003                __subsystem__ = 0x3
                0x0000000000200000                __size_of_stack_reserve__ = 0x200000
                0x0000000000001000                __size_of_stack_commit__ = 0x1000
                0x0000000000100000                __size_of_heap_reserve__ = 0x100000
                0x0000000000001000                __size_of_heap_commit__ = 0x1000
                0x0000000000000000                __loader_flags__ = 0x0
                0x0000000000000160                __dll_characteristics__ = 0x160
LOAD C:/msys64/mingw64/bin/../lib/gcc/x86_64-w64-mingw32/14.2.0/../../../../lib/crt2.o
LOAD C:/msys64/mingw64/bin/../lib/gcc/x86_64-w64-mingw32/14.2.0/crtbegin.o
LOAD build/biblioteca_verbose.o
LOAD build/memory_management_verbose.o
LOAD C:/msys64/mingw64/bin/../lib/gcc/x86_64-w64-mingw32/14.2.0/../../../../lib/libmingw32.a
LOAD C:/msys64/mingw64/bin/../lib/gcc/x86_64-w64-mingw32/14.2.0/libgcc.a
LOAD C:/msys64/mingw64/bin/../lib/gcc/x86_64-w64-mingw32/14.2.0/libgcc_eh.a
LOAD C:/msys64/mingw64/bin/../lib/gcc/x86_64-w64-mingw32/14.2.0/../../../../lib/libmingwex.a
LOAD C:/msys64/mingw64/bin/../lib/gcc/x86_64-w64-mingw32/14.2.0/../../../../lib/libmsvcrt.a
LOAD C:/msys64/mingw64/bin/../lib/gcc/x86_64-w64-mingw32/14.2.0/../../../../lib/libkernel32.a
LOAD C:/msys64/mingw64/bin/../lib/gcc/x86_64-w64-mingw32/14.2.0/../../../../lib/libpthread.dll.a
LOAD C:/msys64/mingw64/bin/../lib/gcc/x86_64-w64-mingw32/14.2.0/../../../../lib/libadvapi32.a
LOAD C:/msys64/mingw64/bin/../lib/gcc/x86_64-w64-mingw32/14.2.0/../../../../lib/libshell32.a
LOAD C:/msys64/mingw64/bin/../lib/gcc/x86_64-w64-mingw32/14.2.0/../../../../lib/libuser32.a
LOAD C:/msys64/mingw64/bin/../lib/gcc/x86_64-w64-mingw32/14.2.0/../../../../lib/libkernel32.a
LOAD C:/msys64/mingw64/bin/../lib/gcc/x86_64-w64-mingw32/14.2.0/../../../../lib/libmingw32.a
LOAD C:/msys64/mingw64/bin/../lib/gcc/x86_64-w64-mingw32/14.2.0/libgcc.a
LOAD C:/msys64/mingw64/bin/../lib/gcc/x86_64-w64-mingw32/14.2.0/libgcc_eh.a
LOAD C:/msys64/mingw64/bin/../lib/gcc/x86_64-w64-mingw32/14.2.0/../../../../lib/libmingwex.a
LOAD C:/msys64/mingw64/bin/../lib/gcc/x86_64-w64-mingw32/14.2.0/../../../../lib/libmsvcrt.a
LOAD C:/msys64/mingw64/bin/../lib/gcc/x86_64-w64-mingw32/14.2.0/../../../../lib/libkernel32.a
LOAD C:/msys64/mingw64/bin/../lib/gcc/x86_64-w64-mingw32/14.2.0/../../../../lib/default-manifest.o
LOAD C:/msys64/mingw64/bin/../lib/gcc/x86_64-w64-mingw32/14.2.0/crtend.o
                0x00000000000004a8                . = SIZEOF_HEADERS
                0x0000000000001000                . = ALIGN (__section_alignment__)

.text           0x0000000140001000    0x11a00
 *(SORT_NONE(.init))
 *(.text)
 .text          0x0000000140001000      0x420 C:/msys64/mingw64/bin/../lib/gcc/x86_64-w64-mingw32/14.2.0/../../../../lib/crt2.o
                0x00000001400013c0                WinMainCRTStartup
                0x00000001400013e0                mainCRTStartup
                0x0000000140001400                atexit
 .text          0x0000000140001420       0x20 C:/msys64/mingw64/bin/../lib/gcc/x86_64-w64-mingw32/14.2.0/crtbegin.o
                0x0000000140001420                __gcc_register_frame
                0x0000000140001430                __gcc_deregister_frame
 .text          0x0000000140001440     0x16f0 build/biblioteca_verbose.o
                0x000000014000156e                genreToString
                0x00000001400015e6                addBook
                0x00000001400017f2                findBookById
                0x000000014000183d                displayBooksRecursive
                0x00000001400018cc                displayBooks
                0x0000000140001917                addMember
                0x0000000140001a55                issueBook
                0x0000000140001c24                returnBook
                0x0000000140001e7b                freeLibrary
                0x0000000140001ed3                freeMembers
                0x0000000140001f48                saveLibraryToFile
                0x0000000140002043                loadLibraryFromFile
                0x0000000140002346                saveMembersToFile
                0x000000014000244d                loadMembersFromFile
                0x0000000140002641                displayMembers
                0x000000014000274b                searchMember
                0x0000000140002877                main
 .text          0x0000000140002b30      0x3e0 build/memory_management_verbose.o
                0x0000000140002b84                addMemoryRecord
                0x0000000140002bda                removeMemoryRecord
                0x0000000140002c4f                displayMemoryUsage
                0x0000000140002e48                incrementHeapAllocations
                0x0000000140002e9b                incrementHeapDeallocations
                0x0000000140002edf                incrementStackAllocations
                0x0000000140002ef5                incrementStackDeallocations
 .text          0x0000000140002f10       0xf0 C:/msys64/mingw64/bin/../lib/gcc/x86_64-w64-mingw32/14.2.0/../../../../lib/libmingw32.a(lib64_libmingw32_a-gccmain.o)
                0x0000000140002f10                __do_global_dtors
                0x0000000140002f60                __do_global_ctors
                0x0000000140002fe0                __main
 .text          0x0000000140003000        0x0 C:/msys64/mingw64/bin/../lib/gcc/x86_64-w64-mingw32/14.2.0/../../../../lib/libmingw32.a(lib64_libmingw32_a-natstart.o)
 .text          0x0000000140003000        0x0 C:/msys64/mingw64/bin/../lib/gcc/x86_64-w64-mingw32/14.2.0/../../../../lib/libmingw32.a(lib64_libmingw32_a-wildcard.o)
 .text          0x0000000140003000       0x10 C:/msys64/mingw64/bin/../lib/gcc/x86_64-w64-mingw32/14.2.0/../../../../lib/libmingw32.a(lib64_libmingw32_a-dllargv.o)
                0x0000000140003000                _setargv
 .text          0x0000000140003010        0x0 C:/msys64/mingw64/bin/../lib/gcc/x86_64-w64-mingw32/14.2.0/../../../../lib/libmingw32.a(lib64_libmingw32_a-_newmode.o)
 .text          0x0000000140003010       0xd0 C:/msys64/mingw64/bin/../lib/gcc/x86_64-w64-mingw32/14.2.0/../../../../lib/libmingw32.a(lib64_libmingw32_a-tlssup.o)
                0x0000000140003040                __dyn_tls_init
                0x00000001400030d0                __tlregdtor
 .text          0x00000001400030e0        0x0 C:/msys64/mingw64/bin/../lib/gcc/x86_64-w64-mingw32/14.2.0/../../../../lib/libmingw32.a(lib64_libmingw32_a-xncommod.o)
 .text          0x00000001400030e0        0x0 C:/msys64/mingw64/bin/../lib/gcc/x86_64-w64-mingw32/14.2.0/../../../../lib/libmingw32.a(lib64_libmingw32_a-cinitexe.o)
 .text          0x00000001400030e0      0x100 C:/msys64/mingw64/bin/../lib/gcc/x86_64-w64-mingw32/14.2.0/../../../../lib/libmingw32.a(lib64_libmingw32_a-merr.o)
                0x00000001400030e0                _matherr
 .text          0x00000001400031e0       0x10 C:/msys64/mingw64/bin/../lib/gcc/x86_64-w64-mingw32/14.2.0/../../../../lib/libmingw32.a(lib64_libmingw32_a-CRT_fp10.o)
                0x00000001400031e0                fpreset
                0x00000001400031e0                _fpreset
 .text          0x00000001400031f0        0x0 C:/msys64/mingw64/bin/../lib/gcc/x86_64-w64-mingw32/14.2.0/../../../../lib/libmingw32.a(lib64_libmingw32_a-mingw_helpers.o)
 .text          0x00000001400031f0      0x550 C:/msys64/mingw64/bin/../lib/gcc/x86_64-w64-mingw32/14.2.0/../../../../lib/libmingw32.a(lib64_libmingw32_a-pseudo-reloc.o)
                0x00000001400033d0                _pei386_runtime_relocator
 .text          0x0000000140003740       0x50 C:/msys64/mingw64/bin/../lib/gcc/x86_64-w64-mingw32/14.2.0/../../../../lib/libmingw32.a(lib64_libmingw32_a-usermatherr.o)
                0x0000000140003740                __mingw_raise_matherr
                0x0000000140003780                __mingw_setusermatherr
 .text          0x0000000140003790        0x0 C:/msys64/mingw64/bin/../lib/gcc/x86_64-w64-mingw32/14.2.0/../../../../lib/libmingw32.a(lib64_libmingw32_a-xtxtmode.o)
 .text          0x0000000140003790      0x1c0 C:/msys64/mingw64/bin/../lib/gcc/x86_64-w64-mingw32/14.2.0/../../../../lib/libmingw32.a(lib64_libmingw32_a-crt_handler.o)
                0x0000000140003790                _gnu_exception_handler
 *fill*         0x0000000140003950       0x10 
 .text          0x0000000140003960      0x2a0 C:/msys64/mingw64/bin/../lib/gcc/x86_64-w64-mingw32/14.2.0/../../../../lib/libmingw32.a(lib64_libmingw32_a-tlsthrd.o)
                0x00000001400039e0                ___w64_mingwthr_add_key_dtor
                0x0000000140003a50                ___w64_mingwthr_remove_key_dtor
                0x0000000140003af0                __mingw_TLScallback
 .text          0x0000000140003c00        0x0 C:/msys64/mingw64/bin/../lib/gcc/x86_64-w64-mingw32/14.2.0/../../../../lib/libmingw32.a(lib64_libmingw32_a-tlsmcrt.o)
 .text          0x0000000140003c00        0x0 C:/msys64/mingw64/bin/../lib/gcc/x86_64-w64-mingw32/14.2.0/../../../../lib/libmingw32.a(lib64_libmingw32_a-pseudo-reloc-list.o)
 .text          0x0000000140003c00      0x400 C:/msys64/mingw64/bin/../lib/gcc/x86_64-w64-mingw32/14.2.0/../../../../lib/libmingw32.a(lib64_libmingw32_a-pesect.o)
                0x0000000140003c00                _ValidateImageBase
                0x0000000140003c30                _FindPESection
                0x0000000140003c80                _FindPESectionByName
                0x0000000140003d20                __mingw_GetSectionForAddress
                0x0000000140003da0                __mingw_GetSectionCount
                0x0000000140003de0                _FindPESectionExec
                0x0000000140003e60                _GetPEImageBase
                0x0000000140003ea0                _IsNonwritableInCurrentImage
                0x0000000140003f30                __mingw_enum_import_library_names
 .text          0x0000000140004000       0x40 C:/msys64/mingw64/bin/../lib/gcc/x86_64-w64-mingw32/14.2.0/libgcc.a(_chkstk_ms.o)
                0x0000000140004000                ___chkstk_ms
 .text          0x0000000140004040        0x0 C:/msys64/mingw64/bin/../lib/gcc/x86_64-w64-mingw32/14.2.0/libgcc.a(_ctors.o)
 .text          0x0000000140004040        0x0 C:/msys64/mingw64/bin/../lib/gcc/x86_64-w64-mingw32/14.2.0/../../../../lib/libmingwex.a(lib64_libmingwex_a-mingw_matherr.o)
 .text          0x0000000140004040       0x50 C:/msys64/mingw64/bin/../lib/gcc/x86_64-w64-mingw32/14.2.0/../../../../lib/libmingwex.a(lib64_libmingwex_a-mingw_vfprintf.o)
                0x0000000140004040                __mingw_vfprintf
 *fill*         0x0000000140004090       0x10 
 .text          0x00000001400040a0     0x4940 C:/msys64/mingw64/bin/../lib/gcc/x86_64-w64-mingw32/14.2.0/../../../../lib/libmingwex.a(lib64_libmingwex_a-mingw_vfscanf.o)
                0x0000000140008940                __mingw_vfscanf
                0x0000000140008980                __mingw_vsscanf
 .text          0x00000001400089e0       0xa0 C:/msys64/mingw64/bin/../lib/gcc/x86_64-w64-mingw32/14.2.0/../../../../lib/libmingwex.a(lib64_libmingwex_a-strtof.o)
                0x00000001400089e0                __strtof
                0x00000001400089e0                __mingw_strtof
 .text          0x0000000140008a80       0xc0 C:/msys64/mingw64/bin/../lib/gcc/x86_64-w64-mingw32/14.2.0/../../../../lib/libmingwex.a(lib64_libmingwex_a-strtopx.o)
                0x0000000140008a80                __strtold
                0x0000000140008a80                __mingw_strtold
                0x0000000140008a80                strtold
 .text          0x0000000140008b40     0x28c0 C:/msys64/mingw64/bin/../lib/gcc/x86_64-w64-mingw32/14.2.0/../../../../lib/libmingwex.a(lib64_libmingwex_a-mingw_pformat.o)
                0x000000014000a880                __mingw_pformat
 .text          0x000000014000b400      0x300 C:/msys64/mingw64/bin/../lib/gcc/x86_64-w64-mingw32/14.2.0/../../../../lib/libmingwex.a(lib64_libmingwex_a-dmisc.o)
                0x000000014000b400                __rv_alloc_D2A
                0x000000014000b440                __nrv_alloc_D2A
                0x000000014000b4d0                __freedtoa
                0x000000014000b500                __quorem_D2A
 .text          0x000000014000b700     0x1a00 C:/msys64/mingw64/bin/../lib/gcc/x86_64-w64-mingw32/14.2.0/../../../../lib/libmingwex.a(lib64_libmingwex_a-gdtoa.o)
                0x000000014000b700                __gdtoa
 .text          0x000000014000d100      0x4c0 C:/msys64/mingw64/bin/../lib/gcc/x86_64-w64-mingw32/14.2.0/../../../../lib/libmingwex.a(lib64_libmingwex_a-g__fmt.o)
                0x000000014000d100                __g__fmt
                0x000000014000d490                __add_nanbits_D2A
 .text          0x000000014000d5c0      0x180 C:/msys64/mingw64/bin/../lib/gcc/x86_64-w64-mingw32/14.2.0/../../../../lib/libmingwex.a(lib64_libmingwex_a-gmisc.o)
                0x000000014000d5c0                __rshift_D2A
                0x000000014000d6e0                __trailz_D2A
 .text          0x000000014000d740      0xdc0 C:/msys64/mingw64/bin/../lib/gcc/x86_64-w64-mingw32/14.2.0/../../../../lib/libmingwex.a(lib64_libmingwex_a-misc.o)
                0x000000014000d870                __Balloc_D2A
                0x000000014000d960                __Bfree_D2A
                0x000000014000d9d0                __multadd_D2A
                0x000000014000daa0                __i2b_D2A
                0x000000014000db60                __mult_D2A
                0x000000014000dcb0                __pow5mult_D2A
                0x000000014000de50                __lshift_D2A
                0x000000014000df80                __cmp_D2A
                0x000000014000dfe0                __diff_D2A
                0x000000014000e1c0                __b2d_D2A
                0x000000014000e2d0                __d2b_D2A
                0x000000014000e4c0                __strcp_D2A
 .text          0x000000014000e500     0x2600 C:/msys64/mingw64/bin/../lib/gcc/x86_64-w64-mingw32/14.2.0/../../../../lib/libmingwex.a(lib64_libmingwex_a-strtodg.o)
                0x000000014000e500                __increment_D2A
                0x000000014000e9a0                __decrement_D2A
                0x000000014000e9e0                __set_ones_D2A
                0x000000014000ead0                __strtodg
 .text          0x0000000140010b00      0x1c0 C:/msys64/mingw64/bin/../lib/gcc/x86_64-w64-mingw32/14.2.0/../../../../lib/libmingwex.a(lib64_libmingwex_a-sum.o)
                0x0000000140010b00                __sum_D2A
 .text          0x0000000140010cc0      0xbc0 C:/msys64/mingw64/bin/../lib/gcc/x86_64-w64-mingw32/14.2.0/../../../../lib/libmingwex.a(lib64_libmingwex_a-gethex.o)
                0x0000000140010cc0                __gethex_D2A
 .text          0x0000000140011880        0x0 C:/msys64/mingw64/bin/../lib/gcc/x86_64-w64-mingw32/14.2.0/../../../../lib/libmingwex.a(lib64_libmingwex_a-hd_init.o)
 .text          0x0000000140011880      0x480 C:/msys64/mingw64/bin/../lib/gcc/x86_64-w64-mingw32/14.2.0/../../../../lib/libmingwex.a(lib64_libmingwex_a-hexnan.o)
                0x0000000140011880                __hexnan_D2A
 .text          0x0000000140011d00      0x300 C:/msys64/mingw64/bin/../lib/gcc/x86_64-w64-mingw32/14.2.0/../../../../lib/libmingwex.a(lib64_libmingwex_a-smisc.o)
                0x0000000140011d00                __s2b_D2A
                0x0000000140011e10                __ratio_D2A
                0x0000000140011eb0                __match_D2A
                0x0000000140011f00                __copybits_D2A
                0x0000000140011f80                __any_on_D2A
 .text          0x0000000140012000       0x40 C:/msys64/mingw64/bin/../lib/gcc/x86_64-w64-mingw32/14.2.0/../../../../lib/libmsvcrt.a(lib64_libmsvcrt_extra_a-wcsnlen.o)
                0x0000000140012000                wcsnlen
 .text          0x0000000140012040      0x1d0 C:/msys64/mingw64/bin/../lib/gcc/x86_64-w64-mingw32/14.2.0/../../../../lib/libmsvcrt.a(lib64_libmsvcrt_extra_a-wcrtomb.o)
                0x00000001400120d0                wcrtomb
                0x0000000140012110                wcsrtombs
 *fill*         0x0000000140012210       0x10 
 .text          0x0000000140012220       0x40 C:/msys64/mingw64/bin/../lib/gcc/x86_64-w64-mingw32/14.2.0/../../../../lib/libmsvcrt.a(lib64_libmsvcrt_extra_a-strnlen.o)
                0x0000000140012220                strnlen
 .text          0x0000000140012260      0x330 C:/msys64/mingw64/bin/../lib/gcc/x86_64-w64-mingw32/14.2.0/../../../../lib/libmsvcrt.a(lib64_libmsvcrt_extra_a-mbrtowc.o)
                0x00000001400123b0                mbrtowc
                0x0000000140012420                mbsrtowcs
                0x0000000140012530                mbrlen
 .text          0x0000000140012590       0x10 C:/msys64/mingw64/bin/../lib/gcc/x86_64-w64-mingw32/14.2.0/../../../../lib/libmsvcrt.a(lib64_libmsvcrt_extra_a-__p__fmode.o)
                0x0000000140012590                __p__fmode
 .text          0x00000001400125a0       0x10 C:/msys64/mingw64/bin/../lib/gcc/x86_64-w64-mingw32/14.2.0/../../../../lib/libmsvcrt.a(lib64_libmsvcrt_extra_a-__p__commode.o)
                0x00000001400125a0                __p__commode
 .text          0x00000001400125b0       0x10 C:/msys64/mingw64/bin/../lib/gcc/x86_64-w64-mingw32/14.2.0/../../../../lib/libmsvcrt.a(lib64_libmsvcrt_extra_a-__p___initenv.o)
                0x00000001400125b0                __p___initenv
 .text          0x00000001400125c0       0xd0 C:/msys64/mingw64/bin/../lib/gcc/x86_64-w64-mingw32/14.2.0/../../../../lib/libmsvcrt.a(lib64_libmsvcrt_extra_a-mingw_lock.o)
                0x00000001400125c0                _lock_file
                0x0000000140012630                _unlock_file
 .text          0x0000000140012690       0x20 C:/msys64/mingw64/bin/../lib/gcc/x86_64-w64-mingw32/14.2.0/../../../../lib/libmsvcrt.a(lib64_libmsvcrt_extra_a-invalid_parameter_handler.o)
                0x0000000140012690                _get_invalid_parameter_handler
                0x00000001400126a0                _set_invalid_parameter_handler
 .text          0x00000001400126b0       0x20 C:/msys64/mingw64/bin/../lib/gcc/x86_64-w64-mingw32/14.2.0/../../../../lib/libmsvcrt.a(lib64_libmsvcrt_common_a-acrt_iob_func.o)
                0x00000001400126b0                __acrt_iob_func
 .text          0x00000001400126d0        0x8 C:/msys64/mingw64/bin/../lib/gcc/x86_64-w64-mingw32/14.2.0/../../../../lib/libmsvcrt.a(libmsvcrt_defs00088.o)
                0x00000001400126d0                __C_specific_handler
 .text          0x00000001400126d8        0x8 C:/msys64/mingw64/bin/../lib/gcc/x86_64-w64-mingw32/14.2.0/../../../../lib/libmsvcrt.a(libmsvcrt_defs00108.o)
                0x00000001400126d8                ___lc_codepage_func
 .text          0x00000001400126e0        0x8 C:/msys64/mingw64/bin/../lib/gcc/x86_64-w64-mingw32/14.2.0/../../../../lib/libmsvcrt.a(libmsvcrt_defs00111.o)
                0x00000001400126e0                ___mb_cur_max_func
 .text          0x00000001400126e8        0x8 C:/msys64/mingw64/bin/../lib/gcc/x86_64-w64-mingw32/14.2.0/../../../../lib/libmsvcrt.a(libmsvcrt_defs00128.o)
                0x00000001400126e8                __getmainargs
 .text          0x00000001400126f0        0x0 C:/msys64/mingw64/bin/../lib/gcc/x86_64-w64-mingw32/14.2.0/../../../../lib/libmsvcrt.a(libmsvcrt_defs00129.o)
 .text          0x00000001400126f0        0x8 C:/msys64/mingw64/bin/../lib/gcc/x86_64-w64-mingw32/14.2.0/../../../../lib/libmsvcrt.a(libmsvcrt_defs00130.o)
                0x00000001400126f0                __iob_func
 .text          0x00000001400126f8        0x8 C:/msys64/mingw64/bin/../lib/gcc/x86_64-w64-mingw32/14.2.0/../../../../lib/libmsvcrt.a(libmsvcrt_defs00146.o)
                0x00000001400126f8                __set_app_type
 .text          0x0000000140012700        0x8 C:/msys64/mingw64/bin/../lib/gcc/x86_64-w64-mingw32/14.2.0/../../../../lib/libmsvcrt.a(libmsvcrt_defs00148.o)
                0x0000000140012700                __setusermatherr
 .text          0x0000000140012708        0x8 C:/msys64/mingw64/bin/../lib/gcc/x86_64-w64-mingw32/14.2.0/../../../../lib/libmsvcrt.a(libmsvcrt_defs00181.o)
                0x0000000140012708                _amsg_exit
 .text          0x0000000140012710        0x8 C:/msys64/mingw64/bin/../lib/gcc/x86_64-w64-mingw32/14.2.0/../../../../lib/libmsvcrt.a(libmsvcrt_defs00202.o)
                0x0000000140012710                _cexit
 .text          0x0000000140012718        0x0 C:/msys64/mingw64/bin/../lib/gcc/x86_64-w64-mingw32/14.2.0/../../../../lib/libmsvcrt.a(libmsvcrt_defs00220.o)
 .text          0x0000000140012718        0x8 C:/msys64/mingw64/bin/../lib/gcc/x86_64-w64-mingw32/14.2.0/../../../../lib/libmsvcrt.a(libmsvcrt_defs00269.o)
                0x0000000140012718                _errno
 .text          0x0000000140012720        0x0 C:/msys64/mingw64/bin/../lib/gcc/x86_64-w64-mingw32/14.2.0/../../../../lib/libmsvcrt.a(libmsvcrt_defs00322.o)
 .text          0x0000000140012720        0x8 C:/msys64/mingw64/bin/../lib/gcc/x86_64-w64-mingw32/14.2.0/../../../../lib/libmsvcrt.a(libmsvcrt_defs00414.o)
                0x0000000140012720                _initterm
 .text          0x0000000140012728        0x8 C:/msys64/mingw64/bin/../lib/gcc/x86_64-w64-mingw32/14.2.0/../../../../lib/libmsvcrt.a(libmsvcrt_defs00525.o)
                0x0000000140012728                _lock
 .text          0x0000000140012730        0x8 C:/msys64/mingw64/bin/../lib/gcc/x86_64-w64-mingw32/14.2.0/../../../../lib/libmsvcrt.a(libmsvcrt_defs00702.o)
                0x0000000140012730                _onexit
 .text          0x0000000140012738        0x8 C:/msys64/mingw64/bin/../lib/gcc/x86_64-w64-mingw32/14.2.0/../../../../lib/libmsvcrt.a(libmsvcrt_defs00858.o)
                0x0000000140012738                strtoll
 .text          0x0000000140012740        0x8 C:/msys64/mingw64/bin/../lib/gcc/x86_64-w64-mingw32/14.2.0/../../../../lib/libmsvcrt.a(libmsvcrt_defs00864.o)
                0x0000000140012740                strtoull
 .text          0x0000000140012748        0x8 C:/msys64/mingw64/bin/../lib/gcc/x86_64-w64-mingw32/14.2.0/../../../../lib/libmsvcrt.a(libmsvcrt_defs00923.o)
                0x0000000140012748                _unlock
 .text          0x0000000140012750        0x8 C:/msys64/mingw64/bin/../lib/gcc/x86_64-w64-mingw32/14.2.0/../../../../lib/libmsvcrt.a(libmsvcrt_defs01149.o)
                0x0000000140012750                abort
 .text          0x0000000140012758        0x8 C:/msys64/mingw64/bin/../lib/gcc/x86_64-w64-mingw32/14.2.0/../../../../lib/libmsvcrt.a(libmsvcrt_defs01166.o)
                0x0000000140012758                calloc
 .text          0x0000000140012760        0x8 C:/msys64/mingw64/bin/../lib/gcc/x86_64-w64-mingw32/14.2.0/../../../../lib/libmsvcrt.a(libmsvcrt_defs01180.o)
                0x0000000140012760                exit
 .text          0x0000000140012768        0x8 C:/msys64/mingw64/bin/../lib/gcc/x86_64-w64-mingw32/14.2.0/../../../../lib/libmsvcrt.a(libmsvcrt_defs01184.o)
                0x0000000140012768                fclose
 .text          0x0000000140012770        0x8 C:/msys64/mingw64/bin/../lib/gcc/x86_64-w64-mingw32/14.2.0/../../../../lib/libmsvcrt.a(libmsvcrt_defs01185.o)
                0x0000000140012770                feof
 .text          0x0000000140012778        0x8 C:/msys64/mingw64/bin/../lib/gcc/x86_64-w64-mingw32/14.2.0/../../../../lib/libmsvcrt.a(libmsvcrt_defs01191.o)
                0x0000000140012778                fgets
 .text          0x0000000140012780        0x8 C:/msys64/mingw64/bin/../lib/gcc/x86_64-w64-mingw32/14.2.0/../../../../lib/libmsvcrt.a(libmsvcrt_defs01197.o)
                0x0000000140012780                fopen
 .text          0x0000000140012788        0x8 C:/msys64/mingw64/bin/../lib/gcc/x86_64-w64-mingw32/14.2.0/../../../../lib/libmsvcrt.a(libmsvcrt_defs01201.o)
                0x0000000140012788                fprintf
 .text          0x0000000140012790        0x8 C:/msys64/mingw64/bin/../lib/gcc/x86_64-w64-mingw32/14.2.0/../../../../lib/libmsvcrt.a(libmsvcrt_defs01203.o)
                0x0000000140012790                fputc
 .text          0x0000000140012798        0x8 C:/msys64/mingw64/bin/../lib/gcc/x86_64-w64-mingw32/14.2.0/../../../../lib/libmsvcrt.a(libmsvcrt_defs01208.o)
                0x0000000140012798                free
 .text          0x00000001400127a0        0x8 C:/msys64/mingw64/bin/../lib/gcc/x86_64-w64-mingw32/14.2.0/../../../../lib/libmsvcrt.a(libmsvcrt_defs01223.o)
                0x00000001400127a0                fwrite
 .text          0x00000001400127a8        0x8 C:/msys64/mingw64/bin/../lib/gcc/x86_64-w64-mingw32/14.2.0/../../../../lib/libmsvcrt.a(libmsvcrt_defs01226.o)
                0x00000001400127a8                getc
 .text          0x00000001400127b0        0x8 C:/msys64/mingw64/bin/../lib/gcc/x86_64-w64-mingw32/14.2.0/../../../../lib/libmsvcrt.a(libmsvcrt_defs01227.o)
                0x00000001400127b0                getchar
 .text          0x00000001400127b8        0x8 C:/msys64/mingw64/bin/../lib/gcc/x86_64-w64-mingw32/14.2.0/../../../../lib/libmsvcrt.a(libmsvcrt_defs01244.o)
                0x00000001400127b8                isspace
 .text          0x00000001400127c0        0x8 C:/msys64/mingw64/bin/../lib/gcc/x86_64-w64-mingw32/14.2.0/../../../../lib/libmsvcrt.a(libmsvcrt_defs01259.o)
                0x00000001400127c0                isxdigit
 .text          0x00000001400127c8        0x8 C:/msys64/mingw64/bin/../lib/gcc/x86_64-w64-mingw32/14.2.0/../../../../lib/libmsvcrt.a(libmsvcrt_defs01263.o)
                0x00000001400127c8                localeconv
 .text          0x00000001400127d0        0x8 C:/msys64/mingw64/bin/../lib/gcc/x86_64-w64-mingw32/14.2.0/../../../../lib/libmsvcrt.a(libmsvcrt_defs01270.o)
                0x00000001400127d0                malloc
 .text          0x00000001400127d8        0x8 C:/msys64/mingw64/bin/../lib/gcc/x86_64-w64-mingw32/14.2.0/../../../../lib/libmsvcrt.a(libmsvcrt_defs01279.o)
                0x00000001400127d8                memcpy
 .text          0x00000001400127e0        0x8 C:/msys64/mingw64/bin/../lib/gcc/x86_64-w64-mingw32/14.2.0/../../../../lib/libmsvcrt.a(libmsvcrt_defs01281.o)
                0x00000001400127e0                memset
 .text          0x00000001400127e8        0x8 C:/msys64/mingw64/bin/../lib/gcc/x86_64-w64-mingw32/14.2.0/../../../../lib/libmsvcrt.a(libmsvcrt_defs01301.o)
                0x00000001400127e8                realloc
 .text          0x00000001400127f0        0x8 C:/msys64/mingw64/bin/../lib/gcc/x86_64-w64-mingw32/14.2.0/../../../../lib/libmsvcrt.a(libmsvcrt_defs01312.o)
                0x00000001400127f0                signal
 .text          0x00000001400127f8        0x8 C:/msys64/mingw64/bin/../lib/gcc/x86_64-w64-mingw32/14.2.0/../../../../lib/libmsvcrt.a(libmsvcrt_defs01327.o)
                0x00000001400127f8                strcmp
 .text          0x0000000140012800        0x8 C:/msys64/mingw64/bin/../lib/gcc/x86_64-w64-mingw32/14.2.0/../../../../lib/libmsvcrt.a(libmsvcrt_defs01331.o)
                0x0000000140012800                strcspn
 .text          0x0000000140012808        0x8 C:/msys64/mingw64/bin/../lib/gcc/x86_64-w64-mingw32/14.2.0/../../../../lib/libmsvcrt.a(libmsvcrt_defs01332.o)
                0x0000000140012808                strerror
 .text          0x0000000140012810        0x8 C:/msys64/mingw64/bin/../lib/gcc/x86_64-w64-mingw32/14.2.0/../../../../lib/libmsvcrt.a(libmsvcrt_defs01334.o)
                0x0000000140012810                strlen
 .text          0x0000000140012818        0x8 C:/msys64/mingw64/bin/../lib/gcc/x86_64-w64-mingw32/14.2.0/../../../../lib/libmsvcrt.a(libmsvcrt_defs01337.o)
                0x0000000140012818                strncmp
 .text          0x0000000140012820        0x8 C:/msys64/mingw64/bin/../lib/gcc/x86_64-w64-mingw32/14.2.0/../../../../lib/libmsvcrt.a(libmsvcrt_defs01347.o)
                0x0000000140012820                strtol
 .text          0x0000000140012828        0x8 C:/msys64/mingw64/bin/../lib/gcc/x86_64-w64-mingw32/14.2.0/../../../../lib/libmsvcrt.a(libmsvcrt_defs01348.o)
                0x0000000140012828                strtoul
 .text          0x0000000140012830        0x8 C:/msys64/mingw64/bin/../lib/gcc/x86_64-w64-mingw32/14.2.0/../../../../lib/libmsvcrt.a(libmsvcrt_defs01366.o)
                0x0000000140012830                tolower
 .text          0x0000000140012838        0x8 C:/msys64/mingw64/bin/../lib/gcc/x86_64-w64-mingw32/14.2.0/../../../../lib/libmsvcrt.a(libmsvcrt_defs01370.o)
                0x0000000140012838                ungetc
 .text          0x0000000140012840        0x8 C:/msys64/mingw64/bin/../lib/gcc/x86_64-w64-mingw32/14.2.0/../../../../lib/libmsvcrt.a(libmsvcrt_defs01373.o)
                0x0000000140012840                vfprintf
 .text          0x0000000140012848        0x8 C:/msys64/mingw64/bin/../lib/gcc/x86_64-w64-mingw32/14.2.0/../../../../lib/libmsvcrt.a(libmsvcrt_defs01400.o)
                0x0000000140012848                wcslen
 .text          0x0000000140012850        0x0 C:/msys64/mingw64/bin/../lib/gcc/x86_64-w64-mingw32/14.2.0/../../../../lib/libmsvcrt.a(libmsvcrt_defh.o)
 .text          0x0000000140012850        0x0 C:/msys64/mingw64/bin/../lib/gcc/x86_64-w64-mingw32/14.2.0/../../../../lib/libmsvcrt.a(libmsvcrt_deft.o)
 .text          0x0000000140012850        0x8 C:/msys64/mingw64/bin/../lib/gcc/x86_64-w64-mingw32/14.2.0/../../../../lib/libkernel32.a(libkernel32s01581.o)
                0x0000000140012850                WideCharToMultiByte
 .text          0x0000000140012858        0x8 C:/msys64/mingw64/bin/../lib/gcc/x86_64-w64-mingw32/14.2.0/../../../../lib/libkernel32.a(libkernel32s01528.o)
                0x0000000140012858                VirtualQuery
 .text          0x0000000140012860        0x8 C:/msys64/mingw64/bin/../lib/gcc/x86_64-w64-mingw32/14.2.0/../../../../lib/libkernel32.a(libkernel32s01526.o)
                0x0000000140012860                VirtualProtect
 .text          0x0000000140012868        0x8 C:/msys64/mingw64/bin/../lib/gcc/x86_64-w64-mingw32/14.2.0/../../../../lib/libkernel32.a(libkernel32s01479.o)
                0x0000000140012868                TlsGetValue
 .text          0x0000000140012870        0x8 C:/msys64/mingw64/bin/../lib/gcc/x86_64-w64-mingw32/14.2.0/../../../../lib/libkernel32.a(libkernel32s01443.o)
                0x0000000140012870                Sleep
 .text          0x0000000140012878        0x8 C:/msys64/mingw64/bin/../lib/gcc/x86_64-w64-mingw32/14.2.0/../../../../lib/libkernel32.a(libkernel32s01427.o)
                0x0000000140012878                SetUnhandledExceptionFilter
 .text          0x0000000140012880        0x8 C:/msys64/mingw64/bin/../lib/gcc/x86_64-w64-mingw32/14.2.0/../../../../lib/libkernel32.a(libkernel32s01059.o)
                0x0000000140012880                MultiByteToWideChar
 .text          0x0000000140012888        0x8 C:/msys64/mingw64/bin/../lib/gcc/x86_64-w64-mingw32/14.2.0/../../../../lib/libkernel32.a(libkernel32s01007.o)
                0x0000000140012888                LeaveCriticalSection
 .text          0x0000000140012890        0x8 C:/msys64/mingw64/bin/../lib/gcc/x86_64-w64-mingw32/14.2.0/../../../../lib/libkernel32.a(libkernel32s00940.o)
                0x0000000140012890                IsDBCSLeadByteEx
 .text          0x0000000140012898        0x8 C:/msys64/mingw64/bin/../lib/gcc/x86_64-w64-mingw32/14.2.0/../../../../lib/libkernel32.a(libkernel32s00913.o)
                0x0000000140012898                InitializeCriticalSection
 .text          0x00000001400128a0        0x8 C:/msys64/mingw64/bin/../lib/gcc/x86_64-w64-mingw32/14.2.0/../../../../lib/libkernel32.a(libkernel32s00643.o)
                0x00000001400128a0                GetLastError
 .text          0x00000001400128a8        0x8 C:/msys64/mingw64/bin/../lib/gcc/x86_64-w64-mingw32/14.2.0/../../../../lib/libkernel32.a(libkernel32s00330.o)
                0x00000001400128a8                EnterCriticalSection
 .text          0x00000001400128b0        0x8 C:/msys64/mingw64/bin/../lib/gcc/x86_64-w64-mingw32/14.2.0/../../../../lib/libkernel32.a(libkernel32s00292.o)
                0x00000001400128b0                DeleteCriticalSection
 *fill*         0x00000001400128b8        0x8 
 .text          0x00000001400128c0        0x0 C:/msys64/mingw64/bin/../lib/gcc/x86_64-w64-mingw32/14.2.0/../../../../lib/libkernel32.a(libkernel32h.o)
 .text          0x00000001400128c0        0x0 C:/msys64/mingw64/bin/../lib/gcc/x86_64-w64-mingw32/14.2.0/../../../../lib/libkernel32.a(libkernel32t.o)
 .text          0x00000001400128c0        0x0 C:/msys64/mingw64/bin/../lib/gcc/x86_64-w64-mingw32/14.2.0/crtend.o
 *(SORT_BY_NAME(.text$*))
 *(.text.*)
 .text.unlikely
                0x00000001400128c0       0x60 C:/msys64/mingw64/bin/../lib/gcc/x86_64-w64-mingw32/14.2.0/../../../../lib/libmingwex.a(lib64_libmingwex_a-mingw_vfscanf.o)
 .text.startup  0x0000000140012920       0x10 C:/msys64/mingw64/bin/../lib/gcc/x86_64-w64-mingw32/14.2.0/crtend.o
 *(.gnu.linkonce.t.*)
 *(.glue_7t)
 *(.glue_7)
                0x0000000140012930                . = ALIGN (0x8)
                0x0000000140012930                ___CTOR_LIST__ = .
                0x0000000140012930                __CTOR_LIST__ = .
                0x0000000140012930        0x4 LONG 0xffffffffffffffff
                0x0000000140012934        0x4 LONG 0xffffffffffffffff
 *(.ctors)
 *(.ctor)
 *(SORT_BY_NAME(.ctors.*))
 .ctors.65535   0x0000000140012938        0x8 C:/msys64/mingw64/bin/../lib/gcc/x86_64-w64-mingw32/14.2.0/crtend.o
                0x0000000140012940        0x4 LONG 0x0
                0x0000000140012944        0x4 LONG 0x0
                0x0000000140012948                ___DTOR_LIST__ = .
                0x0000000140012948                __DTOR_LIST__ = .
                0x0000000140012948        0x4 LONG 0xffffffffffffffff
                0x000000014001294c        0x4 LONG 0xffffffffffffffff
 *(.dtors)
 *(.dtor)
 *(SORT_BY_NAME(.dtors.*))
                0x0000000140012950        0x4 LONG 0x0
                0x0000000140012954        0x4 LONG 0x0
 *(SORT_NONE(.fini))
 *(.gcc_exc)
                [!provide]                        PROVIDE (etext = .)
 *(.gcc_except_table)

.data           0x0000000140013000      0x400
                0x0000000140013000                __data_start__ = .
 *(.data)
 .data          0x0000000140013000        0x0 C:/msys64/mingw64/bin/../lib/gcc/x86_64-w64-mingw32/14.2.0/../../../../lib/crt2.o
 .data          0x0000000140013000        0x0 C:/msys64/mingw64/bin/../lib/gcc/x86_64-w64-mingw32/14.2.0/crtbegin.o
 .data          0x0000000140013000        0x0 build/biblioteca_verbose.o
 .data          0x0000000140013000        0x0 build/memory_management_verbose.o
 .data          0x0000000140013000       0x10 C:/msys64/mingw64/bin/../lib/gcc/x86_64-w64-mingw32/14.2.0/../../../../lib/libmingw32.a(lib64_libmingw32_a-gccmain.o)
 .data          0x0000000140013010       0x10 C:/msys64/mingw64/bin/../lib/gcc/x86_64-w64-mingw32/14.2.0/../../../../lib/libmingw32.a(lib64_libmingw32_a-natstart.o)
                0x0000000140013010                __native_vcclrit_reason
                0x0000000140013014                __native_dllmain_reason
 .data          0x0000000140013020       0x10 C:/msys64/mingw64/bin/../lib/gcc/x86_64-w64-mingw32/14.2.0/../../../../lib/libmingw32.a(lib64_libmingw32_a-wildcard.o)
                0x0000000140013020                _dowildcard
 .data          0x0000000140013030        0x0 C:/msys64/mingw64/bin/../lib/gcc/x86_64-w64-mingw32/14.2.0/../../../../lib/libmingw32.a(lib64_libmingw32_a-dllargv.o)
 .data          0x0000000140013030        0x0 C:/msys64/mingw64/bin/../lib/gcc/x86_64-w64-mingw32/14.2.0/../../../../lib/libmingw32.a(lib64_libmingw32_a-_newmode.o)
 .data          0x0000000140013030        0x0 C:/msys64/mingw64/bin/../lib/gcc/x86_64-w64-mingw32/14.2.0/../../../../lib/libmingw32.a(lib64_libmingw32_a-tlssup.o)
 .data          0x0000000140013030        0x0 C:/msys64/mingw64/bin/../lib/gcc/x86_64-w64-mingw32/14.2.0/../../../../lib/libmingw32.a(lib64_libmingw32_a-xncommod.o)
 .data          0x0000000140013030        0x0 C:/msys64/mingw64/bin/../lib/gcc/x86_64-w64-mingw32/14.2.0/../../../../lib/libmingw32.a(lib64_libmingw32_a-cinitexe.o)
 .data          0x0000000140013030        0x0 C:/msys64/mingw64/bin/../lib/gcc/x86_64-w64-mingw32/14.2.0/../../../../lib/libmingw32.a(lib64_libmingw32_a-merr.o)
 .data          0x0000000140013030        0x0 C:/msys64/mingw64/bin/../lib/gcc/x86_64-w64-mingw32/14.2.0/../../../../lib/libmingw32.a(lib64_libmingw32_a-CRT_fp10.o)
 .data          0x0000000140013030        0x0 C:/msys64/mingw64/bin/../lib/gcc/x86_64-w64-mingw32/14.2.0/../../../../lib/libmingw32.a(lib64_libmingw32_a-mingw_helpers.o)
 .data          0x0000000140013030        0x0 C:/msys64/mingw64/bin/../lib/gcc/x86_64-w64-mingw32/14.2.0/../../../../lib/libmingw32.a(lib64_libmingw32_a-pseudo-reloc.o)
 .data          0x0000000140013030        0x0 C:/msys64/mingw64/bin/../lib/gcc/x86_64-w64-mingw32/14.2.0/../../../../lib/libmingw32.a(lib64_libmingw32_a-usermatherr.o)
 .data          0x0000000140013030        0x0 C:/msys64/mingw64/bin/../lib/gcc/x86_64-w64-mingw32/14.2.0/../../../../lib/libmingw32.a(lib64_libmingw32_a-xtxtmode.o)
 .data          0x0000000140013030        0x0 C:/msys64/mingw64/bin/../lib/gcc/x86_64-w64-mingw32/14.2.0/../../../../lib/libmingw32.a(lib64_libmingw32_a-crt_handler.o)
 .data          0x0000000140013030        0x0 C:/msys64/mingw64/bin/../lib/gcc/x86_64-w64-mingw32/14.2.0/../../../../lib/libmingw32.a(lib64_libmingw32_a-tlsthrd.o)
 .data          0x0000000140013030       0x10 C:/msys64/mingw64/bin/../lib/gcc/x86_64-w64-mingw32/14.2.0/../../../../lib/libmingw32.a(lib64_libmingw32_a-tlsmcrt.o)
                0x0000000140013030                _CRT_MT
 .data          0x0000000140013040        0x0 C:/msys64/mingw64/bin/../lib/gcc/x86_64-w64-mingw32/14.2.0/../../../../lib/libmingw32.a(lib64_libmingw32_a-pseudo-reloc-list.o)
 .data          0x0000000140013040        0x0 C:/msys64/mingw64/bin/../lib/gcc/x86_64-w64-mingw32/14.2.0/../../../../lib/libmingw32.a(lib64_libmingw32_a-pesect.o)
 .data          0x0000000140013040        0x0 C:/msys64/mingw64/bin/../lib/gcc/x86_64-w64-mingw32/14.2.0/libgcc.a(_chkstk_ms.o)
 .data          0x0000000140013040        0x0 C:/msys64/mingw64/bin/../lib/gcc/x86_64-w64-mingw32/14.2.0/libgcc.a(_ctors.o)
 .data          0x0000000140013040       0x10 C:/msys64/mingw64/bin/../lib/gcc/x86_64-w64-mingw32/14.2.0/../../../../lib/libmingwex.a(lib64_libmingwex_a-mingw_matherr.o)
                0x0000000140013040                _MINGW_INSTALL_DEBUG_MATHERR
 .data          0x0000000140013050        0x0 C:/msys64/mingw64/bin/../lib/gcc/x86_64-w64-mingw32/14.2.0/../../../../lib/libmingwex.a(lib64_libmingwex_a-mingw_vfprintf.o)
 .data          0x0000000140013050        0x0 C:/msys64/mingw64/bin/../lib/gcc/x86_64-w64-mingw32/14.2.0/../../../../lib/libmingwex.a(lib64_libmingwex_a-mingw_vfscanf.o)
 .data          0x0000000140013050       0x20 C:/msys64/mingw64/bin/../lib/gcc/x86_64-w64-mingw32/14.2.0/../../../../lib/libmingwex.a(lib64_libmingwex_a-strtof.o)
 .data          0x0000000140013070       0x20 C:/msys64/mingw64/bin/../lib/gcc/x86_64-w64-mingw32/14.2.0/../../../../lib/libmingwex.a(lib64_libmingwex_a-strtopx.o)
 .data          0x0000000140013090       0x20 C:/msys64/mingw64/bin/../lib/gcc/x86_64-w64-mingw32/14.2.0/../../../../lib/libmingwex.a(lib64_libmingwex_a-mingw_pformat.o)
 .data          0x00000001400130b0        0x0 C:/msys64/mingw64/bin/../lib/gcc/x86_64-w64-mingw32/14.2.0/../../../../lib/libmingwex.a(lib64_libmingwex_a-dmisc.o)
 .data          0x00000001400130b0        0x0 C:/msys64/mingw64/bin/../lib/gcc/x86_64-w64-mingw32/14.2.0/../../../../lib/libmingwex.a(lib64_libmingwex_a-gdtoa.o)
 *fill*         0x00000001400130b0       0x10 
 .data          0x00000001400130c0       0xa0 C:/msys64/mingw64/bin/../lib/gcc/x86_64-w64-mingw32/14.2.0/../../../../lib/libmingwex.a(lib64_libmingwex_a-g__fmt.o)
                0x00000001400130c0                NanDflt_ldus_D2A
                0x00000001400130d0                NanDflt_xL_D2A
                0x00000001400130dc                NanDflt_f_D2A
                0x00000001400130e0                NanDflt_d_D2A
                0x00000001400130f0                NanDflt_Q_D2A
                0x0000000140013100                __NanName_D2A
                0x0000000140013120                __InfName_D2A
 .data          0x0000000140013160        0x0 C:/msys64/mingw64/bin/../lib/gcc/x86_64-w64-mingw32/14.2.0/../../../../lib/libmingwex.a(lib64_libmingwex_a-gmisc.o)
 .data          0x0000000140013160       0x10 C:/msys64/mingw64/bin/../lib/gcc/x86_64-w64-mingw32/14.2.0/../../../../lib/libmingwex.a(lib64_libmingwex_a-misc.o)
 .data          0x0000000140013170        0x0 C:/msys64/mingw64/bin/../lib/gcc/x86_64-w64-mingw32/14.2.0/../../../../lib/libmingwex.a(lib64_libmingwex_a-strtodg.o)
 .data          0x0000000140013170        0x0 C:/msys64/mingw64/bin/../lib/gcc/x86_64-w64-mingw32/14.2.0/../../../../lib/libmingwex.a(lib64_libmingwex_a-sum.o)
 .data          0x0000000140013170        0x0 C:/msys64/mingw64/bin/../lib/gcc/x86_64-w64-mingw32/14.2.0/../../../../lib/libmingwex.a(lib64_libmingwex_a-gethex.o)
 *fill*         0x0000000140013170       0x10 
 .data          0x0000000140013180      0x100 C:/msys64/mingw64/bin/../lib/gcc/x86_64-w64-mingw32/14.2.0/../../../../lib/libmingwex.a(lib64_libmingwex_a-hd_init.o)
                0x0000000140013180                __hexdig_D2A
 .data          0x0000000140013280        0x0 C:/msys64/mingw64/bin/../lib/gcc/x86_64-w64-mingw32/14.2.0/../../../../lib/libmingwex.a(lib64_libmingwex_a-hexnan.o)
 .data          0x0000000140013280        0x0 C:/msys64/mingw64/bin/../lib/gcc/x86_64-w64-mingw32/14.2.0/../../../../lib/libmingwex.a(lib64_libmingwex_a-smisc.o)
 .data          0x0000000140013280        0x0 C:/msys64/mingw64/bin/../lib/gcc/x86_64-w64-mingw32/14.2.0/../../../../lib/libmsvcrt.a(lib64_libmsvcrt_extra_a-wcsnlen.o)
 .data          0x0000000140013280        0x0 C:/msys64/mingw64/bin/../lib/gcc/x86_64-w64-mingw32/14.2.0/../../../../lib/libmsvcrt.a(lib64_libmsvcrt_extra_a-wcrtomb.o)
 .data          0x0000000140013280        0x0 C:/msys64/mingw64/bin/../lib/gcc/x86_64-w64-mingw32/14.2.0/../../../../lib/libmsvcrt.a(lib64_libmsvcrt_extra_a-strnlen.o)
 .data          0x0000000140013280        0x0 C:/msys64/mingw64/bin/../lib/gcc/x86_64-w64-mingw32/14.2.0/../../../../lib/libmsvcrt.a(lib64_libmsvcrt_extra_a-mbrtowc.o)
 .data          0x0000000140013280       0x10 C:/msys64/mingw64/bin/../lib/gcc/x86_64-w64-mingw32/14.2.0/../../../../lib/libmsvcrt.a(lib64_libmsvcrt_extra_a-__p__fmode.o)
                0x0000000140013280                __imp___p__fmode
 .data          0x0000000140013290       0x10 C:/msys64/mingw64/bin/../lib/gcc/x86_64-w64-mingw32/14.2.0/../../../../lib/libmsvcrt.a(lib64_libmsvcrt_extra_a-__p__commode.o)
                0x0000000140013290                __imp___p__commode
 .data          0x00000001400132a0       0x10 C:/msys64/mingw64/bin/../lib/gcc/x86_64-w64-mingw32/14.2.0/../../../../lib/libmsvcrt.a(lib64_libmsvcrt_extra_a-__p___initenv.o)
                0x00000001400132a0                __imp___p___initenv
 .data          0x00000001400132b0       0x10 C:/msys64/mingw64/bin/../lib/gcc/x86_64-w64-mingw32/14.2.0/../../../../lib/libmsvcrt.a(lib64_libmsvcrt_extra_a-mingw_lock.o)
                0x00000001400132b0                __imp__unlock_file
                0x00000001400132b8                __imp__lock_file
 .data          0x00000001400132c0       0x10 C:/msys64/mingw64/bin/../lib/gcc/x86_64-w64-mingw32/14.2.0/../../../../lib/libmsvcrt.a(lib64_libmsvcrt_extra_a-invalid_parameter_handler.o)
                0x00000001400132c0                __imp__get_invalid_parameter_handler
                0x00000001400132c8                __imp__set_invalid_parameter_handler
 .data          0x00000001400132d0       0x10 C:/msys64/mingw64/bin/../lib/gcc/x86_64-w64-mingw32/14.2.0/../../../../lib/libmsvcrt.a(lib64_libmsvcrt_common_a-acrt_iob_func.o)
                0x00000001400132d0                __imp___acrt_iob_func
 .data          0x00000001400132e0        0x0 C:/msys64/mingw64/bin/../lib/gcc/x86_64-w64-mingw32/14.2.0/../../../../lib/libmsvcrt.a(libmsvcrt_defs00088.o)
 .data          0x00000001400132e0        0x0 C:/msys64/mingw64/bin/../lib/gcc/x86_64-w64-mingw32/14.2.0/../../../../lib/libmsvcrt.a(libmsvcrt_defs00108.o)
 .data          0x00000001400132e0        0x0 C:/msys64/mingw64/bin/../lib/gcc/x86_64-w64-mingw32/14.2.0/../../../../lib/libmsvcrt.a(libmsvcrt_defs00111.o)
 .data          0x00000001400132e0        0x0 C:/msys64/mingw64/bin/../lib/gcc/x86_64-w64-mingw32/14.2.0/../../../../lib/libmsvcrt.a(libmsvcrt_defs00128.o)
 .data          0x00000001400132e0        0x0 C:/msys64/mingw64/bin/../lib/gcc/x86_64-w64-mingw32/14.2.0/../../../../lib/libmsvcrt.a(libmsvcrt_defs00129.o)
 .data          0x00000001400132e0        0x0 C:/msys64/mingw64/bin/../lib/gcc/x86_64-w64-mingw32/14.2.0/../../../../lib/libmsvcrt.a(libmsvcrt_defs00130.o)
 .data          0x00000001400132e0        0x0 C:/msys64/mingw64/bin/../lib/gcc/x86_64-w64-mingw32/14.2.0/../../../../lib/libmsvcrt.a(libmsvcrt_defs00146.o)
 .data          0x00000001400132e0        0x0 C:/msys64/mingw64/bin/../lib/gcc/x86_64-w64-mingw32/14.2.0/../../../../lib/libmsvcrt.a(libmsvcrt_defs00148.o)
 .data          0x00000001400132e0        0x0 C:/msys64/mingw64/bin/../lib/gcc/x86_64-w64-mingw32/14.2.0/../../../../lib/libmsvcrt.a(libmsvcrt_defs00181.o)
 .data          0x00000001400132e0        0x0 C:/msys64/mingw64/bin/../lib/gcc/x86_64-w64-mingw32/14.2.0/../../../../lib/libmsvcrt.a(libmsvcrt_defs00202.o)
 .data          0x00000001400132e0        0x0 C:/msys64/mingw64/bin/../lib/gcc/x86_64-w64-mingw32/14.2.0/../../../../lib/libmsvcrt.a(libmsvcrt_defs00220.o)
 .data          0x00000001400132e0        0x0 C:/msys64/mingw64/bin/../lib/gcc/x86_64-w64-mingw32/14.2.0/../../../../lib/libmsvcrt.a(libmsvcrt_defs00269.o)
 .data          0x00000001400132e0        0x0 C:/msys64/mingw64/bin/../lib/gcc/x86_64-w64-mingw32/14.2.0/../../../../lib/libmsvcrt.a(libmsvcrt_defs00322.o)
 .data          0x00000001400132e0        0x0 C:/msys64/mingw64/bin/../lib/gcc/x86_64-w64-mingw32/14.2.0/../../../../lib/libmsvcrt.a(libmsvcrt_defs00414.o)
 .data          0x00000001400132e0        0x0 C:/msys64/mingw64/bin/../lib/gcc/x86_64-w64-mingw32/14.2.0/../../../../lib/libmsvcrt.a(libmsvcrt_defs00525.o)
 .data          0x00000001400132e0        0x0 C:/msys64/mingw64/bin/../lib/gcc/x86_64-w64-mingw32/14.2.0/../../../../lib/libmsvcrt.a(libmsvcrt_defs00702.o)
 .data          0x00000001400132e0        0x0 C:/msys64/mingw64/bin/../lib/gcc/x86_64-w64-mingw32/14.2.0/../../../../lib/libmsvcrt.a(libmsvcrt_defs00858.o)
 .data          0x00000001400132e0        0x0 C:/msys64/mingw64/bin/../lib/gcc/x86_64-w64-mingw32/14.2.0/../../../../lib/libmsvcrt.a(libmsvcrt_defs00864.o)
 .data          0x00000001400132e0        0x0 C:/msys64/mingw64/bin/../lib/gcc/x86_64-w64-mingw32/14.2.0/../../../../lib/libmsvcrt.a(libmsvcrt_defs00923.o)
 .data          0x00000001400132e0        0x0 C:/msys64/mingw64/bin/../lib/gcc/x86_64-w64-mingw32/14.2.0/../../../../lib/libmsvcrt.a(libmsvcrt_defs01149.o)
 .data          0x00000001400132e0        0x0 C:/msys64/mingw64/bin/../lib/gcc/x86_64-w64-mingw32/14.2.0/../../../../lib/libmsvcrt.a(libmsvcrt_defs01166.o)
 .data          0x00000001400132e0        0x0 C:/msys64/mingw64/bin/../lib/gcc/x86_64-w64-mingw32/14.2.0/../../../../lib/libmsvcrt.a(libmsvcrt_defs01180.o)
 .data          0x00000001400132e0        0x0 C:/msys64/mingw64/bin/../lib/gcc/x86_64-w64-mingw32/14.2.0/../../../../lib/libmsvcrt.a(libmsvcrt_defs01184.o)
 .data          0x00000001400132e0        0x0 C:/msys64/mingw64/bin/../lib/gcc/x86_64-w64-mingw32/14.2.0/../../../../lib/libmsvcrt.a(libmsvcrt_defs01185.o)
 .data          0x00000001400132e0        0x0 C:/msys64/mingw64/bin/../lib/gcc/x86_64-w64-mingw32/14.2.0/../../../../lib/libmsvcrt.a(libmsvcrt_defs01191.o)
 .data          0x00000001400132e0        0x0 C:/msys64/mingw64/bin/../lib/gcc/x86_64-w64-mingw32/14.2.0/../../../../lib/libmsvcrt.a(libmsvcrt_defs01197.o)
 .data          0x00000001400132e0        0x0 C:/msys64/mingw64/bin/../lib/gcc/x86_64-w64-mingw32/14.2.0/../../../../lib/libmsvcrt.a(libmsvcrt_defs01201.o)
 .data          0x00000001400132e0        0x0 C:/msys64/mingw64/bin/../lib/gcc/x86_64-w64-mingw32/14.2.0/../../../../lib/libmsvcrt.a(libmsvcrt_defs01203.o)
 .data          0x00000001400132e0        0x0 C:/msys64/mingw64/bin/../lib/gcc/x86_64-w64-mingw32/14.2.0/../../../../lib/libmsvcrt.a(libmsvcrt_defs01208.o)
 .data          0x00000001400132e0        0x0 C:/msys64/mingw64/bin/../lib/gcc/x86_64-w64-mingw32/14.2.0/../../../../lib/libmsvcrt.a(libmsvcrt_defs01223.o)
 .data          0x00000001400132e0        0x0 C:/msys64/mingw64/bin/../lib/gcc/x86_64-w64-mingw32/14.2.0/../../../../lib/libmsvcrt.a(libmsvcrt_defs01226.o)
 .data          0x00000001400132e0        0x0 C:/msys64/mingw64/bin/../lib/gcc/x86_64-w64-mingw32/14.2.0/../../../../lib/libmsvcrt.a(libmsvcrt_defs01227.o)
 .data          0x00000001400132e0        0x0 C:/msys64/mingw64/bin/../lib/gcc/x86_64-w64-mingw32/14.2.0/../../../../lib/libmsvcrt.a(libmsvcrt_defs01244.o)
 .data          0x00000001400132e0        0x0 C:/msys64/mingw64/bin/../lib/gcc/x86_64-w64-mingw32/14.2.0/../../../../lib/libmsvcrt.a(libmsvcrt_defs01259.o)
 .data          0x00000001400132e0        0x0 C:/msys64/mingw64/bin/../lib/gcc/x86_64-w64-mingw32/14.2.0/../../../../lib/libmsvcrt.a(libmsvcrt_defs01263.o)
 .data          0x00000001400132e0        0x0 C:/msys64/mingw64/bin/../lib/gcc/x86_64-w64-mingw32/14.2.0/../../../../lib/libmsvcrt.a(libmsvcrt_defs01270.o)
 .data          0x00000001400132e0        0x0 C:/msys64/mingw64/bin/../lib/gcc/x86_64-w64-mingw32/14.2.0/../../../../lib/libmsvcrt.a(libmsvcrt_defs01279.o)
 .data          0x00000001400132e0        0x0 C:/msys64/mingw64/bin/../lib/gcc/x86_64-w64-mingw32/14.2.0/../../../../lib/libmsvcrt.a(libmsvcrt_defs01281.o)
 .data          0x00000001400132e0        0x0 C:/msys64/mingw64/bin/../lib/gcc/x86_64-w64-mingw32/14.2.0/../../../../lib/libmsvcrt.a(libmsvcrt_defs01301.o)
 .data          0x00000001400132e0        0x0 C:/msys64/mingw64/bin/../lib/gcc/x86_64-w64-mingw32/14.2.0/../../../../lib/libmsvcrt.a(libmsvcrt_defs01312.o)
 .data          0x00000001400132e0        0x0 C:/msys64/mingw64/bin/../lib/gcc/x86_64-w64-mingw32/14.2.0/../../../../lib/libmsvcrt.a(libmsvcrt_defs01327.o)
 .data          0x00000001400132e0        0x0 C:/msys64/mingw64/bin/../lib/gcc/x86_64-w64-mingw32/14.2.0/../../../../lib/libmsvcrt.a(libmsvcrt_defs01331.o)
 .data          0x00000001400132e0        0x0 C:/msys64/mingw64/bin/../lib/gcc/x86_64-w64-mingw32/14.2.0/../../../../lib/libmsvcrt.a(libmsvcrt_defs01332.o)
 .data          0x00000001400132e0        0x0 C:/msys64/mingw64/bin/../lib/gcc/x86_64-w64-mingw32/14.2.0/../../../../lib/libmsvcrt.a(libmsvcrt_defs01334.o)
 .data          0x00000001400132e0        0x0 C:/msys64/mingw64/bin/../lib/gcc/x86_64-w64-mingw32/14.2.0/../../../../lib/libmsvcrt.a(libmsvcrt_defs01337.o)
 .data          0x00000001400132e0        0x0 C:/msys64/mingw64/bin/../lib/gcc/x86_64-w64-mingw32/14.2.0/../../../../lib/libmsvcrt.a(libmsvcrt_defs01347.o)
 .data          0x00000001400132e0        0x0 C:/msys64/mingw64/bin/../lib/gcc/x86_64-w64-mingw32/14.2.0/../../../../lib/libmsvcrt.a(libmsvcrt_defs01348.o)
 .data          0x00000001400132e0        0x0 C:/msys64/mingw64/bin/../lib/gcc/x86_64-w64-mingw32/14.2.0/../../../../lib/libmsvcrt.a(libmsvcrt_defs01366.o)
 .data          0x00000001400132e0        0x0 C:/msys64/mingw64/bin/../lib/gcc/x86_64-w64-mingw32/14.2.0/../../../../lib/libmsvcrt.a(libmsvcrt_defs01370.o)
 .data          0x00000001400132e0        0x0 C:/msys64/mingw64/bin/../lib/gcc/x86_64-w64-mingw32/14.2.0/../../../../lib/libmsvcrt.a(libmsvcrt_defs01373.o)
 .data          0x00000001400132e0        0x0 C:/msys64/mingw64/bin/../lib/gcc/x86_64-w64-mingw32/14.2.0/../../../../lib/libmsvcrt.a(libmsvcrt_defs01400.o)
 .data          0x00000001400132e0        0x0 C:/msys64/mingw64/bin/../lib/gcc/x86_64-w64-mingw32/14.2.0/../../../../lib/libmsvcrt.a(libmsvcrt_defh.o)
 .data          0x00000001400132e0        0x0 C:/msys64/mingw64/bin/../lib/gcc/x86_64-w64-mingw32/14.2.0/../../../../lib/libmsvcrt.a(libmsvcrt_deft.o)
 .data          0x00000001400132e0        0x0 C:/msys64/mingw64/bin/../lib/gcc/x86_64-w64-mingw32/14.2.0/../../../../lib/libkernel32.a(libkernel32s01581.o)
 .data          0x00000001400132e0        0x0 C:/msys64/mingw64/bin/../lib/gcc/x86_64-w64-mingw32/14.2.0/../../../../lib/libkernel32.a(libkernel32s01528.o)
 .data          0x00000001400132e0        0x0 C:/msys64/mingw64/bin/../lib/gcc/x86_64-w64-mingw32/14.2.0/../../../../lib/libkernel32.a(libkernel32s01526.o)
 .data          0x00000001400132e0        0x0 C:/msys64/mingw64/bin/../lib/gcc/x86_64-w64-mingw32/14.2.0/../../../../lib/libkernel32.a(libkernel32s01479.o)
 .data          0x00000001400132e0        0x0 C:/msys64/mingw64/bin/../lib/gcc/x86_64-w64-mingw32/14.2.0/../../../../lib/libkernel32.a(libkernel32s01443.o)
 .data          0x00000001400132e0        0x0 C:/msys64/mingw64/bin/../lib/gcc/x86_64-w64-mingw32/14.2.0/../../../../lib/libkernel32.a(libkernel32s01427.o)
 .data          0x00000001400132e0        0x0 C:/msys64/mingw64/bin/../lib/gcc/x86_64-w64-mingw32/14.2.0/../../../../lib/libkernel32.a(libkernel32s01059.o)
 .data          0x00000001400132e0        0x0 C:/msys64/mingw64/bin/../lib/gcc/x86_64-w64-mingw32/14.2.0/../../../../lib/libkernel32.a(libkernel32s01007.o)
 .data          0x00000001400132e0        0x0 C:/msys64/mingw64/bin/../lib/gcc/x86_64-w64-mingw32/14.2.0/../../../../lib/libkernel32.a(libkernel32s00940.o)
 .data          0x00000001400132e0        0x0 C:/msys64/mingw64/bin/../lib/gcc/x86_64-w64-mingw32/14.2.0/../../../../lib/libkernel32.a(libkernel32s00913.o)
 .data          0x00000001400132e0        0x0 C:/msys64/mingw64/bin/../lib/gcc/x86_64-w64-mingw32/14.2.0/../../../../lib/libkernel32.a(libkernel32s00643.o)
 .data          0x00000001400132e0        0x0 C:/msys64/mingw64/bin/../lib/gcc/x86_64-w64-mingw32/14.2.0/../../../../lib/libkernel32.a(libkernel32s00330.o)
 .data          0x00000001400132e0        0x0 C:/msys64/mingw64/bin/../lib/gcc/x86_64-w64-mingw32/14.2.0/../../../../lib/libkernel32.a(libkernel32s00292.o)
 .data          0x00000001400132e0        0x0 C:/msys64/mingw64/bin/../lib/gcc/x86_64-w64-mingw32/14.2.0/../../../../lib/libkernel32.a(libkernel32h.o)
 .data          0x00000001400132e0        0x0 C:/msys64/mingw64/bin/../lib/gcc/x86_64-w64-mingw32/14.2.0/../../../../lib/libkernel32.a(libkernel32t.o)
 .data          0x00000001400132e0        0x0 C:/msys64/mingw64/bin/../lib/gcc/x86_64-w64-mingw32/14.2.0/crtend.o
 *(.data2)
 *(SORT_BY_NAME(.data$*))
 *(.jcr)
                0x00000001400132e0                __data_end__ = .
 *(.data_cygwin_nocopy)

.rdata          0x0000000140014000     0x2600
 *(.rdata)
 .rdata         0x0000000140014000      0xb00 build/biblioteca_verbose.o
 .rdata         0x0000000140014b00      0x300 build/memory_management_verbose.o
 .rdata         0x0000000140014e00       0x60 C:/msys64/mingw64/bin/../lib/gcc/x86_64-w64-mingw32/14.2.0/../../../../lib/libmingw32.a(lib64_libmingw32_a-tlssup.o)
                0x0000000140014e00                __dyn_tls_init_callback
                0x0000000140014e20                _tls_used
 .rdata         0x0000000140014e60      0x140 C:/msys64/mingw64/bin/../lib/gcc/x86_64-w64-mingw32/14.2.0/../../../../lib/libmingw32.a(lib64_libmingw32_a-merr.o)
 .rdata         0x0000000140014fa0      0x160 C:/msys64/mingw64/bin/../lib/gcc/x86_64-w64-mingw32/14.2.0/../../../../lib/libmingw32.a(lib64_libmingw32_a-pseudo-reloc.o)
 .rdata         0x0000000140015100       0x30 C:/msys64/mingw64/bin/../lib/gcc/x86_64-w64-mingw32/14.2.0/../../../../lib/libmingw32.a(lib64_libmingw32_a-crt_handler.o)
 .rdata         0x0000000140015130      0x280 C:/msys64/mingw64/bin/../lib/gcc/x86_64-w64-mingw32/14.2.0/../../../../lib/libmingwex.a(lib64_libmingwex_a-mingw_vfscanf.o)
 .rdata         0x00000001400153b0       0x20 C:/msys64/mingw64/bin/../lib/gcc/x86_64-w64-mingw32/14.2.0/../../../../lib/libmingwex.a(lib64_libmingwex_a-strtof.o)
 .rdata         0x00000001400153d0       0x20 C:/msys64/mingw64/bin/../lib/gcc/x86_64-w64-mingw32/14.2.0/../../../../lib/libmingwex.a(lib64_libmingwex_a-strtopx.o)
 .rdata         0x00000001400153f0      0x190 C:/msys64/mingw64/bin/../lib/gcc/x86_64-w64-mingw32/14.2.0/../../../../lib/libmingwex.a(lib64_libmingwex_a-mingw_pformat.o)
 .rdata         0x0000000140015580       0x90 C:/msys64/mingw64/bin/../lib/gcc/x86_64-w64-mingw32/14.2.0/../../../../lib/libmingwex.a(lib64_libmingwex_a-gdtoa.o)
 .rdata         0x0000000140015610       0x50 C:/msys64/mingw64/bin/../lib/gcc/x86_64-w64-mingw32/14.2.0/../../../../lib/libmingwex.a(lib64_libmingwex_a-g__fmt.o)
 .rdata         0x0000000140015660      0x160 C:/msys64/mingw64/bin/../lib/gcc/x86_64-w64-mingw32/14.2.0/../../../../lib/libmingwex.a(lib64_libmingwex_a-misc.o)
                0x0000000140015680                __tens_D2A
                0x0000000140015740                __tinytens_D2A
                0x0000000140015780                __bigtens_D2A
 .rdata         0x00000001400157c0      0x180 C:/msys64/mingw64/bin/../lib/gcc/x86_64-w64-mingw32/14.2.0/../../../../lib/libmingwex.a(lib64_libmingwex_a-strtodg.o)
 *(SORT_BY_NAME(.rdata$*))
 .rdata$.refptr.NanDflt_ldus_D2A
                0x0000000140015940       0x10 C:/msys64/mingw64/bin/../lib/gcc/x86_64-w64-mingw32/14.2.0/../../../../lib/libmingwex.a(lib64_libmingwex_a-strtopx.o)
                0x0000000140015940                .refptr.NanDflt_ldus_D2A
 .rdata$.refptr._CRT_MT
                0x0000000140015950       0x10 C:/msys64/mingw64/bin/../lib/gcc/x86_64-w64-mingw32/14.2.0/../../../../lib/libmingw32.a(lib64_libmingw32_a-tlssup.o)
                0x0000000140015950                .refptr._CRT_MT
 .rdata$.refptr._MINGW_INSTALL_DEBUG_MATHERR
                0x0000000140015960       0x10 C:/msys64/mingw64/bin/../lib/gcc/x86_64-w64-mingw32/14.2.0/../../../../lib/crt2.o
                0x0000000140015960                .refptr._MINGW_INSTALL_DEBUG_MATHERR
 .rdata$.refptr.__CTOR_LIST__
                0x0000000140015970       0x10 C:/msys64/mingw64/bin/../lib/gcc/x86_64-w64-mingw32/14.2.0/../../../../lib/libmingw32.a(lib64_libmingw32_a-gccmain.o)
                0x0000000140015970                .refptr.__CTOR_LIST__
 .rdata$.refptr.__ImageBase
                0x0000000140015980       0x10 C:/msys64/mingw64/bin/../lib/gcc/x86_64-w64-mingw32/14.2.0/../../../../lib/crt2.o
                0x0000000140015980                .refptr.__ImageBase
 .rdata$.refptr.__RUNTIME_PSEUDO_RELOC_LIST_END__
                0x0000000140015990       0x10 C:/msys64/mingw64/bin/../lib/gcc/x86_64-w64-mingw32/14.2.0/../../../../lib/libmingw32.a(lib64_libmingw32_a-pseudo-reloc.o)
                0x0000000140015990                .refptr.__RUNTIME_PSEUDO_RELOC_LIST_END__
 .rdata$.refptr.__RUNTIME_PSEUDO_RELOC_LIST__
                0x00000001400159a0       0x10 C:/msys64/mingw64/bin/../lib/gcc/x86_64-w64-mingw32/14.2.0/../../../../lib/libmingw32.a(lib64_libmingw32_a-pseudo-reloc.o)
                0x00000001400159a0                .refptr.__RUNTIME_PSEUDO_RELOC_LIST__
 .rdata$.refptr.__bigtens_D2A
                0x00000001400159b0       0x10 C:/msys64/mingw64/bin/../lib/gcc/x86_64-w64-mingw32/14.2.0/../../../../lib/libmingwex.a(lib64_libmingwex_a-strtodg.o)
                0x00000001400159b0                .refptr.__bigtens_D2A
 .rdata$.refptr.__dyn_tls_init_callback
                0x00000001400159c0       0x10 C:/msys64/mingw64/bin/../lib/gcc/x86_64-w64-mingw32/14.2.0/../../../../lib/crt2.o
                0x00000001400159c0                .refptr.__dyn_tls_init_callback
 .rdata$.refptr.__hexdig_D2A
                0x00000001400159d0       0x10 C:/msys64/mingw64/bin/../lib/gcc/x86_64-w64-mingw32/14.2.0/../../../../lib/libmingwex.a(lib64_libmingwex_a-gethex.o)
                0x00000001400159d0                .refptr.__hexdig_D2A
 .rdata$.refptr.__imp___initenv
                0x00000001400159e0       0x10 C:/msys64/mingw64/bin/../lib/gcc/x86_64-w64-mingw32/14.2.0/../../../../lib/libmsvcrt.a(lib64_libmsvcrt_extra_a-__p___initenv.o)
                0x00000001400159e0                .refptr.__imp___initenv
 .rdata$.refptr.__imp__commode
                0x00000001400159f0       0x10 C:/msys64/mingw64/bin/../lib/gcc/x86_64-w64-mingw32/14.2.0/../../../../lib/libmsvcrt.a(lib64_libmsvcrt_extra_a-__p__commode.o)
                0x00000001400159f0                .refptr.__imp__commode
 .rdata$.refptr.__imp__fmode
                0x0000000140015a00       0x10 C:/msys64/mingw64/bin/../lib/gcc/x86_64-w64-mingw32/14.2.0/../../../../lib/libmsvcrt.a(lib64_libmsvcrt_extra_a-__p__fmode.o)
                0x0000000140015a00                .refptr.__imp__fmode
 .rdata$.refptr.__mingw_app_type
                0x0000000140015a10       0x10 C:/msys64/mingw64/bin/../lib/gcc/x86_64-w64-mingw32/14.2.0/../../../../lib/crt2.o
                0x0000000140015a10                .refptr.__mingw_app_type
 .rdata$.refptr.__mingw_initltsdrot_force
                0x0000000140015a20       0x10 C:/msys64/mingw64/bin/../lib/gcc/x86_64-w64-mingw32/14.2.0/../../../../lib/crt2.o
                0x0000000140015a20                .refptr.__mingw_initltsdrot_force
 .rdata$.refptr.__mingw_initltsdyn_force
                0x0000000140015a30       0x10 C:/msys64/mingw64/bin/../lib/gcc/x86_64-w64-mingw32/14.2.0/../../../../lib/crt2.o
                0x0000000140015a30                .refptr.__mingw_initltsdyn_force
 .rdata$.refptr.__mingw_initltssuo_force
                0x0000000140015a40       0x10 C:/msys64/mingw64/bin/../lib/gcc/x86_64-w64-mingw32/14.2.0/../../../../lib/crt2.o
                0x0000000140015a40                .refptr.__mingw_initltssuo_force
 .rdata$.refptr.__mingw_oldexcpt_handler
                0x0000000140015a50       0x10 C:/msys64/mingw64/bin/../lib/gcc/x86_64-w64-mingw32/14.2.0/../../../../lib/crt2.o
                0x0000000140015a50                .refptr.__mingw_oldexcpt_handler
 .rdata$.refptr.__native_startup_lock
                0x0000000140015a60       0x10 C:/msys64/mingw64/bin/../lib/gcc/x86_64-w64-mingw32/14.2.0/../../../../lib/crt2.o
                0x0000000140015a60                .refptr.__native_startup_lock
 .rdata$.refptr.__native_startup_state
                0x0000000140015a70       0x10 C:/msys64/mingw64/bin/../lib/gcc/x86_64-w64-mingw32/14.2.0/../../../../lib/crt2.o
                0x0000000140015a70                .refptr.__native_startup_state
 .rdata$.refptr.__tens_D2A
                0x0000000140015a80       0x10 C:/msys64/mingw64/bin/../lib/gcc/x86_64-w64-mingw32/14.2.0/../../../../lib/libmingwex.a(lib64_libmingwex_a-gdtoa.o)
                0x0000000140015a80                .refptr.__tens_D2A
 .rdata$.refptr.__tinytens_D2A
                0x0000000140015a90       0x10 C:/msys64/mingw64/bin/../lib/gcc/x86_64-w64-mingw32/14.2.0/../../../../lib/libmingwex.a(lib64_libmingwex_a-strtodg.o)
                0x0000000140015a90                .refptr.__tinytens_D2A
 .rdata$.refptr.__xc_a
                0x0000000140015aa0       0x10 C:/msys64/mingw64/bin/../lib/gcc/x86_64-w64-mingw32/14.2.0/../../../../lib/crt2.o
                0x0000000140015aa0                .refptr.__xc_a
 .rdata$.refptr.__xc_z
                0x0000000140015ab0       0x10 C:/msys64/mingw64/bin/../lib/gcc/x86_64-w64-mingw32/14.2.0/../../../../lib/crt2.o
                0x0000000140015ab0                .refptr.__xc_z
 .rdata$.refptr.__xi_a
                0x0000000140015ac0       0x10 C:/msys64/mingw64/bin/../lib/gcc/x86_64-w64-mingw32/14.2.0/../../../../lib/crt2.o
                0x0000000140015ac0                .refptr.__xi_a
 .rdata$.refptr.__xi_z
                0x0000000140015ad0       0x10 C:/msys64/mingw64/bin/../lib/gcc/x86_64-w64-mingw32/14.2.0/../../../../lib/crt2.o
                0x0000000140015ad0                .refptr.__xi_z
 .rdata$.refptr._commode
                0x0000000140015ae0       0x10 C:/msys64/mingw64/bin/../lib/gcc/x86_64-w64-mingw32/14.2.0/../../../../lib/crt2.o
                0x0000000140015ae0                .refptr._commode
 .rdata$.refptr._dowildcard
                0x0000000140015af0       0x10 C:/msys64/mingw64/bin/../lib/gcc/x86_64-w64-mingw32/14.2.0/../../../../lib/crt2.o
                0x0000000140015af0                .refptr._dowildcard
 .rdata$.refptr._fmode
                0x0000000140015b00       0x10 C:/msys64/mingw64/bin/../lib/gcc/x86_64-w64-mingw32/14.2.0/../../../../lib/crt2.o
                0x0000000140015b00                .refptr._fmode
 .rdata$.refptr._gnu_exception_handler
                0x0000000140015b10       0x10 C:/msys64/mingw64/bin/../lib/gcc/x86_64-w64-mingw32/14.2.0/../../../../lib/crt2.o
                0x0000000140015b10                .refptr._gnu_exception_handler
 .rdata$.refptr._matherr
                0x0000000140015b20       0x10 C:/msys64/mingw64/bin/../lib/gcc/x86_64-w64-mingw32/14.2.0/../../../../lib/crt2.o
                0x0000000140015b20                .refptr._matherr
 .rdata$.refptr._newmode
                0x0000000140015b30       0x10 C:/msys64/mingw64/bin/../lib/gcc/x86_64-w64-mingw32/14.2.0/../../../../lib/crt2.o
                0x0000000140015b30                .refptr._newmode
 .rdata$zzz     0x0000000140015b40       0x30 C:/msys64/mingw64/bin/../lib/gcc/x86_64-w64-mingw32/14.2.0/../../../../lib/crt2.o
 .rdata$zzz     0x0000000140015b70       0x30 C:/msys64/mingw64/bin/../lib/gcc/x86_64-w64-mingw32/14.2.0/crtbegin.o
 .rdata$zzz     0x0000000140015ba0       0x30 build/biblioteca_verbose.o
 .rdata$zzz     0x0000000140015bd0       0x30 build/memory_management_verbose.o
 .rdata$zzz     0x0000000140015c00       0x30 C:/msys64/mingw64/bin/../lib/gcc/x86_64-w64-mingw32/14.2.0/../../../../lib/libmingw32.a(lib64_libmingw32_a-gccmain.o)
 .rdata$zzz     0x0000000140015c30       0x30 C:/msys64/mingw64/bin/../lib/gcc/x86_64-w64-mingw32/14.2.0/../../../../lib/libmingw32.a(lib64_libmingw32_a-natstart.o)
 .rdata$zzz     0x0000000140015c60       0x30 C:/msys64/mingw64/bin/../lib/gcc/x86_64-w64-mingw32/14.2.0/../../../../lib/libmingw32.a(lib64_libmingw32_a-wildcard.o)
 .rdata$zzz     0x0000000140015c90       0x30 C:/msys64/mingw64/bin/../lib/gcc/x86_64-w64-mingw32/14.2.0/../../../../lib/libmingw32.a(lib64_libmingw32_a-dllargv.o)
 .rdata$zzz     0x0000000140015cc0       0x30 C:/msys64/mingw64/bin/../lib/gcc/x86_64-w64-mingw32/14.2.0/../../../../lib/libmingw32.a(lib64_libmingw32_a-_newmode.o)
 .rdata$zzz     0x0000000140015cf0       0x30 C:/msys64/mingw64/bin/../lib/gcc/x86_64-w64-mingw32/14.2.0/../../../../lib/libmingw32.a(lib64_libmingw32_a-tlssup.o)
 .rdata$zzz     0x0000000140015d20       0x30 C:/msys64/mingw64/bin/../lib/gcc/x86_64-w64-mingw32/14.2.0/../../../../lib/libmingw32.a(lib64_libmingw32_a-xncommod.o)
 .rdata$zzz     0x0000000140015d50       0x30 C:/msys64/mingw64/bin/../lib/gcc/x86_64-w64-mingw32/14.2.0/../../../../lib/libmingw32.a(lib64_libmingw32_a-cinitexe.o)
 .rdata$zzz     0x0000000140015d80       0x30 C:/msys64/mingw64/bin/../lib/gcc/x86_64-w64-mingw32/14.2.0/../../../../lib/libmingw32.a(lib64_libmingw32_a-merr.o)
 .rdata$zzz     0x0000000140015db0       0x30 C:/msys64/mingw64/bin/../lib/gcc/x86_64-w64-mingw32/14.2.0/../../../../lib/libmingw32.a(lib64_libmingw32_a-CRT_fp10.o)
 .rdata$zzz     0x0000000140015de0       0x30 C:/msys64/mingw64/bin/../lib/gcc/x86_64-w64-mingw32/14.2.0/../../../../lib/libmingw32.a(lib64_libmingw32_a-mingw_helpers.o)
 .rdata$zzz     0x0000000140015e10       0x30 C:/msys64/mingw64/bin/../lib/gcc/x86_64-w64-mingw32/14.2.0/../../../../lib/libmingw32.a(lib64_libmingw32_a-pseudo-reloc.o)
 .rdata$zzz     0x0000000140015e40       0x30 C:/msys64/mingw64/bin/../lib/gcc/x86_64-w64-mingw32/14.2.0/../../../../lib/libmingw32.a(lib64_libmingw32_a-usermatherr.o)
 .rdata$zzz     0x0000000140015e70       0x30 C:/msys64/mingw64/bin/../lib/gcc/x86_64-w64-mingw32/14.2.0/../../../../lib/libmingw32.a(lib64_libmingw32_a-xtxtmode.o)
 .rdata$zzz     0x0000000140015ea0       0x30 C:/msys64/mingw64/bin/../lib/gcc/x86_64-w64-mingw32/14.2.0/../../../../lib/libmingw32.a(lib64_libmingw32_a-crt_handler.o)
 .rdata$zzz     0x0000000140015ed0       0x30 C:/msys64/mingw64/bin/../lib/gcc/x86_64-w64-mingw32/14.2.0/../../../../lib/libmingw32.a(lib64_libmingw32_a-tlsthrd.o)
 .rdata$zzz     0x0000000140015f00       0x30 C:/msys64/mingw64/bin/../lib/gcc/x86_64-w64-mingw32/14.2.0/../../../../lib/libmingw32.a(lib64_libmingw32_a-tlsmcrt.o)
 .rdata$zzz     0x0000000140015f30       0x30 C:/msys64/mingw64/bin/../lib/gcc/x86_64-w64-mingw32/14.2.0/../../../../lib/libmingw32.a(lib64_libmingw32_a-pseudo-reloc-list.o)
 .rdata$zzz     0x0000000140015f60       0x30 C:/msys64/mingw64/bin/../lib/gcc/x86_64-w64-mingw32/14.2.0/../../../../lib/libmingw32.a(lib64_libmingw32_a-pesect.o)
 .rdata$zzz     0x0000000140015f90       0x30 C:/msys64/mingw64/bin/../lib/gcc/x86_64-w64-mingw32/14.2.0/libgcc.a(_ctors.o)
 .rdata$zzz     0x0000000140015fc0       0x30 C:/msys64/mingw64/bin/../lib/gcc/x86_64-w64-mingw32/14.2.0/../../../../lib/libmingwex.a(lib64_libmingwex_a-mingw_matherr.o)
 .rdata$zzz     0x0000000140015ff0       0x30 C:/msys64/mingw64/bin/../lib/gcc/x86_64-w64-mingw32/14.2.0/../../../../lib/libmingwex.a(lib64_libmingwex_a-mingw_vfprintf.o)
 .rdata$zzz     0x0000000140016020       0x30 C:/msys64/mingw64/bin/../lib/gcc/x86_64-w64-mingw32/14.2.0/../../../../lib/libmingwex.a(lib64_libmingwex_a-mingw_vfscanf.o)
 .rdata$zzz     0x0000000140016050       0x30 C:/msys64/mingw64/bin/../lib/gcc/x86_64-w64-mingw32/14.2.0/../../../../lib/libmingwex.a(lib64_libmingwex_a-strtof.o)
 .rdata$zzz     0x0000000140016080       0x30 C:/msys64/mingw64/bin/../lib/gcc/x86_64-w64-mingw32/14.2.0/../../../../lib/libmingwex.a(lib64_libmingwex_a-strtopx.o)
 .rdata$zzz     0x00000001400160b0       0x30 C:/msys64/mingw64/bin/../lib/gcc/x86_64-w64-mingw32/14.2.0/../../../../lib/libmingwex.a(lib64_libmingwex_a-mingw_pformat.o)
 .rdata$zzz     0x00000001400160e0       0x30 C:/msys64/mingw64/bin/../lib/gcc/x86_64-w64-mingw32/14.2.0/../../../../lib/libmingwex.a(lib64_libmingwex_a-dmisc.o)
 .rdata$zzz     0x0000000140016110       0x30 C:/msys64/mingw64/bin/../lib/gcc/x86_64-w64-mingw32/14.2.0/../../../../lib/libmingwex.a(lib64_libmingwex_a-gdtoa.o)
 .rdata$zzz     0x0000000140016140       0x30 C:/msys64/mingw64/bin/../lib/gcc/x86_64-w64-mingw32/14.2.0/../../../../lib/libmingwex.a(lib64_libmingwex_a-g__fmt.o)
 .rdata$zzz     0x0000000140016170       0x30 C:/msys64/mingw64/bin/../lib/gcc/x86_64-w64-mingw32/14.2.0/../../../../lib/libmingwex.a(lib64_libmingwex_a-gmisc.o)
 .rdata$zzz     0x00000001400161a0       0x30 C:/msys64/mingw64/bin/../lib/gcc/x86_64-w64-mingw32/14.2.0/../../../../lib/libmingwex.a(lib64_libmingwex_a-misc.o)
 .rdata$zzz     0x00000001400161d0       0x30 C:/msys64/mingw64/bin/../lib/gcc/x86_64-w64-mingw32/14.2.0/../../../../lib/libmingwex.a(lib64_libmingwex_a-strtodg.o)
 .rdata$zzz     0x0000000140016200       0x30 C:/msys64/mingw64/bin/../lib/gcc/x86_64-w64-mingw32/14.2.0/../../../../lib/libmingwex.a(lib64_libmingwex_a-sum.o)
 .rdata$zzz     0x0000000140016230       0x30 C:/msys64/mingw64/bin/../lib/gcc/x86_64-w64-mingw32/14.2.0/../../../../lib/libmingwex.a(lib64_libmingwex_a-gethex.o)
 .rdata$zzz     0x0000000140016260       0x30 C:/msys64/mingw64/bin/../lib/gcc/x86_64-w64-mingw32/14.2.0/../../../../lib/libmingwex.a(lib64_libmingwex_a-hd_init.o)
 .rdata$zzz     0x0000000140016290       0x30 C:/msys64/mingw64/bin/../lib/gcc/x86_64-w64-mingw32/14.2.0/../../../../lib/libmingwex.a(lib64_libmingwex_a-hexnan.o)
 .rdata$zzz     0x00000001400162c0       0x30 C:/msys64/mingw64/bin/../lib/gcc/x86_64-w64-mingw32/14.2.0/../../../../lib/libmingwex.a(lib64_libmingwex_a-smisc.o)
 .rdata$zzz     0x00000001400162f0       0x30 C:/msys64/mingw64/bin/../lib/gcc/x86_64-w64-mingw32/14.2.0/../../../../lib/libmsvcrt.a(lib64_libmsvcrt_extra_a-wcsnlen.o)
 .rdata$zzz     0x0000000140016320       0x30 C:/msys64/mingw64/bin/../lib/gcc/x86_64-w64-mingw32/14.2.0/../../../../lib/libmsvcrt.a(lib64_libmsvcrt_extra_a-wcrtomb.o)
 .rdata$zzz     0x0000000140016350       0x30 C:/msys64/mingw64/bin/../lib/gcc/x86_64-w64-mingw32/14.2.0/../../../../lib/libmsvcrt.a(lib64_libmsvcrt_extra_a-strnlen.o)
 .rdata$zzz     0x0000000140016380       0x30 C:/msys64/mingw64/bin/../lib/gcc/x86_64-w64-mingw32/14.2.0/../../../../lib/libmsvcrt.a(lib64_libmsvcrt_extra_a-mbrtowc.o)
 .rdata$zzz     0x00000001400163b0       0x30 C:/msys64/mingw64/bin/../lib/gcc/x86_64-w64-mingw32/14.2.0/../../../../lib/libmsvcrt.a(lib64_libmsvcrt_extra_a-__p__fmode.o)
 .rdata$zzz     0x00000001400163e0       0x30 C:/msys64/mingw64/bin/../lib/gcc/x86_64-w64-mingw32/14.2.0/../../../../lib/libmsvcrt.a(lib64_libmsvcrt_extra_a-__p__commode.o)
 .rdata$zzz     0x0000000140016410       0x30 C:/msys64/mingw64/bin/../lib/gcc/x86_64-w64-mingw32/14.2.0/../../../../lib/libmsvcrt.a(lib64_libmsvcrt_extra_a-__p___initenv.o)
 .rdata$zzz     0x0000000140016440       0x30 C:/msys64/mingw64/bin/../lib/gcc/x86_64-w64-mingw32/14.2.0/../../../../lib/libmsvcrt.a(lib64_libmsvcrt_extra_a-mingw_lock.o)
 .rdata$zzz     0x0000000140016470       0x30 C:/msys64/mingw64/bin/../lib/gcc/x86_64-w64-mingw32/14.2.0/../../../../lib/libmsvcrt.a(lib64_libmsvcrt_extra_a-invalid_parameter_handler.o)
 .rdata$zzz     0x00000001400164a0       0x30 C:/msys64/mingw64/bin/../lib/gcc/x86_64-w64-mingw32/14.2.0/../../../../lib/libmsvcrt.a(lib64_libmsvcrt_common_a-acrt_iob_func.o)
 .rdata$zzz     0x00000001400164d0       0x30 C:/msys64/mingw64/bin/../lib/gcc/x86_64-w64-mingw32/14.2.0/crtend.o
                0x0000000140016500                . = ALIGN (0x4)
                0x0000000140016500                __rt_psrelocs_start = .
 *(.rdata_runtime_pseudo_reloc)
                0x0000000140016500                __rt_psrelocs_end = .
                0x0000000000000000                __rt_psrelocs_size = (__rt_psrelocs_end - __rt_psrelocs_start)
                0x0000000140016500                ___RUNTIME_PSEUDO_RELOC_LIST_END__ = .
                0x0000000140016500                __RUNTIME_PSEUDO_RELOC_LIST_END__ = .
                0x0000000140016500                ___RUNTIME_PSEUDO_RELOC_LIST__ = (. - __rt_psrelocs_size)
                0x0000000140016500                __RUNTIME_PSEUDO_RELOC_LIST__ = (. - __rt_psrelocs_size)

.eh_frame
 *(.eh_frame*)

.pdata          0x0000000140017000      0x800
 *(.pdata*)
 .pdata         0x0000000140017000       0x54 C:/msys64/mingw64/bin/../lib/gcc/x86_64-w64-mingw32/14.2.0/../../../../lib/crt2.o
 .pdata         0x0000000140017054       0x18 C:/msys64/mingw64/bin/../lib/gcc/x86_64-w64-mingw32/14.2.0/crtbegin.o
 .pdata         0x000000014001706c       0xfc build/biblioteca_verbose.o
 .pdata         0x0000000140017168       0x60 build/memory_management_verbose.o
 .pdata         0x00000001400171c8       0x24 C:/msys64/mingw64/bin/../lib/gcc/x86_64-w64-mingw32/14.2.0/../../../../lib/libmingw32.a(lib64_libmingw32_a-gccmain.o)
 .pdata         0x00000001400171ec        0xc C:/msys64/mingw64/bin/../lib/gcc/x86_64-w64-mingw32/14.2.0/../../../../lib/libmingw32.a(lib64_libmingw32_a-dllargv.o)
 .pdata         0x00000001400171f8       0x24 C:/msys64/mingw64/bin/../lib/gcc/x86_64-w64-mingw32/14.2.0/../../../../lib/libmingw32.a(lib64_libmingw32_a-tlssup.o)
 .pdata         0x000000014001721c        0xc C:/msys64/mingw64/bin/../lib/gcc/x86_64-w64-mingw32/14.2.0/../../../../lib/libmingw32.a(lib64_libmingw32_a-merr.o)
 .pdata         0x0000000140017228        0xc C:/msys64/mingw64/bin/../lib/gcc/x86_64-w64-mingw32/14.2.0/../../../../lib/libmingw32.a(lib64_libmingw32_a-CRT_fp10.o)
 .pdata         0x0000000140017234       0x24 C:/msys64/mingw64/bin/../lib/gcc/x86_64-w64-mingw32/14.2.0/../../../../lib/libmingw32.a(lib64_libmingw32_a-pseudo-reloc.o)
 .pdata         0x0000000140017258       0x18 C:/msys64/mingw64/bin/../lib/gcc/x86_64-w64-mingw32/14.2.0/../../../../lib/libmingw32.a(lib64_libmingw32_a-usermatherr.o)
 .pdata         0x0000000140017270        0xc C:/msys64/mingw64/bin/../lib/gcc/x86_64-w64-mingw32/14.2.0/../../../../lib/libmingw32.a(lib64_libmingw32_a-crt_handler.o)
 .pdata         0x000000014001727c       0x30 C:/msys64/mingw64/bin/../lib/gcc/x86_64-w64-mingw32/14.2.0/../../../../lib/libmingw32.a(lib64_libmingw32_a-tlsthrd.o)
 .pdata         0x00000001400172ac       0x6c C:/msys64/mingw64/bin/../lib/gcc/x86_64-w64-mingw32/14.2.0/../../../../lib/libmingw32.a(lib64_libmingw32_a-pesect.o)
 .pdata         0x0000000140017318        0xc C:/msys64/mingw64/bin/../lib/gcc/x86_64-w64-mingw32/14.2.0/../../../../lib/libmingwex.a(lib64_libmingwex_a-mingw_vfprintf.o)
 .pdata         0x0000000140017324       0x6c C:/msys64/mingw64/bin/../lib/gcc/x86_64-w64-mingw32/14.2.0/../../../../lib/libmingwex.a(lib64_libmingwex_a-mingw_vfscanf.o)
 .pdata.unlikely
                0x0000000140017390        0xc C:/msys64/mingw64/bin/../lib/gcc/x86_64-w64-mingw32/14.2.0/../../../../lib/libmingwex.a(lib64_libmingwex_a-mingw_vfscanf.o)
 .pdata         0x000000014001739c        0xc C:/msys64/mingw64/bin/../lib/gcc/x86_64-w64-mingw32/14.2.0/../../../../lib/libmingwex.a(lib64_libmingwex_a-strtof.o)
 .pdata         0x00000001400173a8        0xc C:/msys64/mingw64/bin/../lib/gcc/x86_64-w64-mingw32/14.2.0/../../../../lib/libmingwex.a(lib64_libmingwex_a-strtopx.o)
 .pdata         0x00000001400173b4       0xc0 C:/msys64/mingw64/bin/../lib/gcc/x86_64-w64-mingw32/14.2.0/../../../../lib/libmingwex.a(lib64_libmingwex_a-mingw_pformat.o)
 .pdata         0x0000000140017474       0x30 C:/msys64/mingw64/bin/../lib/gcc/x86_64-w64-mingw32/14.2.0/../../../../lib/libmingwex.a(lib64_libmingwex_a-dmisc.o)
 .pdata         0x00000001400174a4        0xc C:/msys64/mingw64/bin/../lib/gcc/x86_64-w64-mingw32/14.2.0/../../../../lib/libmingwex.a(lib64_libmingwex_a-gdtoa.o)
 .pdata         0x00000001400174b0       0x18 C:/msys64/mingw64/bin/../lib/gcc/x86_64-w64-mingw32/14.2.0/../../../../lib/libmingwex.a(lib64_libmingwex_a-g__fmt.o)
 .pdata         0x00000001400174c8       0x18 C:/msys64/mingw64/bin/../lib/gcc/x86_64-w64-mingw32/14.2.0/../../../../lib/libmingwex.a(lib64_libmingwex_a-gmisc.o)
 .pdata         0x00000001400174e0       0xa8 C:/msys64/mingw64/bin/../lib/gcc/x86_64-w64-mingw32/14.2.0/../../../../lib/libmingwex.a(lib64_libmingwex_a-misc.o)
 .pdata         0x0000000140017588       0x3c C:/msys64/mingw64/bin/../lib/gcc/x86_64-w64-mingw32/14.2.0/../../../../lib/libmingwex.a(lib64_libmingwex_a-strtodg.o)
 .pdata         0x00000001400175c4        0xc C:/msys64/mingw64/bin/../lib/gcc/x86_64-w64-mingw32/14.2.0/../../../../lib/libmingwex.a(lib64_libmingwex_a-sum.o)
 .pdata         0x00000001400175d0        0xc C:/msys64/mingw64/bin/../lib/gcc/x86_64-w64-mingw32/14.2.0/../../../../lib/libmingwex.a(lib64_libmingwex_a-gethex.o)
 .pdata         0x00000001400175dc        0xc C:/msys64/mingw64/bin/../lib/gcc/x86_64-w64-mingw32/14.2.0/../../../../lib/libmingwex.a(lib64_libmingwex_a-hexnan.o)
 .pdata         0x00000001400175e8       0x3c C:/msys64/mingw64/bin/../lib/gcc/x86_64-w64-mingw32/14.2.0/../../../../lib/libmingwex.a(lib64_libmingwex_a-smisc.o)
 .pdata         0x0000000140017624        0xc C:/msys64/mingw64/bin/../lib/gcc/x86_64-w64-mingw32/14.2.0/../../../../lib/libmsvcrt.a(lib64_libmsvcrt_extra_a-wcsnlen.o)
 .pdata         0x0000000140017630       0x24 C:/msys64/mingw64/bin/../lib/gcc/x86_64-w64-mingw32/14.2.0/../../../../lib/libmsvcrt.a(lib64_libmsvcrt_extra_a-wcrtomb.o)
 .pdata         0x0000000140017654        0xc C:/msys64/mingw64/bin/../lib/gcc/x86_64-w64-mingw32/14.2.0/../../../../lib/libmsvcrt.a(lib64_libmsvcrt_extra_a-strnlen.o)
 .pdata         0x0000000140017660       0x30 C:/msys64/mingw64/bin/../lib/gcc/x86_64-w64-mingw32/14.2.0/../../../../lib/libmsvcrt.a(lib64_libmsvcrt_extra_a-mbrtowc.o)
 .pdata         0x0000000140017690        0xc C:/msys64/mingw64/bin/../lib/gcc/x86_64-w64-mingw32/14.2.0/../../../../lib/libmsvcrt.a(lib64_libmsvcrt_extra_a-__p__fmode.o)
 .pdata         0x000000014001769c        0xc C:/msys64/mingw64/bin/../lib/gcc/x86_64-w64-mingw32/14.2.0/../../../../lib/libmsvcrt.a(lib64_libmsvcrt_extra_a-__p__commode.o)
 .pdata         0x00000001400176a8        0xc C:/msys64/mingw64/bin/../lib/gcc/x86_64-w64-mingw32/14.2.0/../../../../lib/libmsvcrt.a(lib64_libmsvcrt_extra_a-__p___initenv.o)
 .pdata         0x00000001400176b4       0x18 C:/msys64/mingw64/bin/../lib/gcc/x86_64-w64-mingw32/14.2.0/../../../../lib/libmsvcrt.a(lib64_libmsvcrt_extra_a-mingw_lock.o)
 .pdata         0x00000001400176cc       0x18 C:/msys64/mingw64/bin/../lib/gcc/x86_64-w64-mingw32/14.2.0/../../../../lib/libmsvcrt.a(lib64_libmsvcrt_extra_a-invalid_parameter_handler.o)
 .pdata         0x00000001400176e4        0xc C:/msys64/mingw64/bin/../lib/gcc/x86_64-w64-mingw32/14.2.0/../../../../lib/libmsvcrt.a(lib64_libmsvcrt_common_a-acrt_iob_func.o)
 .pdata.startup
                0x00000001400176f0        0xc C:/msys64/mingw64/bin/../lib/gcc/x86_64-w64-mingw32/14.2.0/crtend.o

.xdata          0x0000000140018000      0x800
 *(.xdata*)
 .xdata         0x0000000140018000       0x6c C:/msys64/mingw64/bin/../lib/gcc/x86_64-w64-mingw32/14.2.0/../../../../lib/crt2.o
 .xdata         0x000000014001806c        0x8 C:/msys64/mingw64/bin/../lib/gcc/x86_64-w64-mingw32/14.2.0/crtbegin.o
 .xdata         0x0000000140018074       0xf8 build/biblioteca_verbose.o
 .xdata         0x000000014001816c       0x58 build/memory_management_verbose.o
 .xdata         0x00000001400181c4       0x18 C:/msys64/mingw64/bin/../lib/gcc/x86_64-w64-mingw32/14.2.0/../../../../lib/libmingw32.a(lib64_libmingw32_a-gccmain.o)
 .xdata         0x00000001400181dc        0x4 C:/msys64/mingw64/bin/../lib/gcc/x86_64-w64-mingw32/14.2.0/../../../../lib/libmingw32.a(lib64_libmingw32_a-dllargv.o)
 .xdata         0x00000001400181e0       0x18 C:/msys64/mingw64/bin/../lib/gcc/x86_64-w64-mingw32/14.2.0/../../../../lib/libmingw32.a(lib64_libmingw32_a-tlssup.o)
 .xdata         0x00000001400181f8       0x18 C:/msys64/mingw64/bin/../lib/gcc/x86_64-w64-mingw32/14.2.0/../../../../lib/libmingw32.a(lib64_libmingw32_a-merr.o)
 .xdata         0x0000000140018210        0x4 C:/msys64/mingw64/bin/../lib/gcc/x86_64-w64-mingw32/14.2.0/../../../../lib/libmingw32.a(lib64_libmingw32_a-CRT_fp10.o)
 .xdata         0x0000000140018214       0x30 C:/msys64/mingw64/bin/../lib/gcc/x86_64-w64-mingw32/14.2.0/../../../../lib/libmingw32.a(lib64_libmingw32_a-pseudo-reloc.o)
 .xdata         0x0000000140018244        0xc C:/msys64/mingw64/bin/../lib/gcc/x86_64-w64-mingw32/14.2.0/../../../../lib/libmingw32.a(lib64_libmingw32_a-usermatherr.o)
 .xdata         0x0000000140018250        0x8 C:/msys64/mingw64/bin/../lib/gcc/x86_64-w64-mingw32/14.2.0/../../../../lib/libmingw32.a(lib64_libmingw32_a-crt_handler.o)
 .xdata         0x0000000140018258       0x30 C:/msys64/mingw64/bin/../lib/gcc/x86_64-w64-mingw32/14.2.0/../../../../lib/libmingw32.a(lib64_libmingw32_a-tlsthrd.o)
 .xdata         0x0000000140018288       0x2c C:/msys64/mingw64/bin/../lib/gcc/x86_64-w64-mingw32/14.2.0/../../../../lib/libmingw32.a(lib64_libmingw32_a-pesect.o)
 .xdata         0x00000001400182b4        0xc C:/msys64/mingw64/bin/../lib/gcc/x86_64-w64-mingw32/14.2.0/../../../../lib/libmingwex.a(lib64_libmingwex_a-mingw_vfprintf.o)
 .xdata         0x00000001400182c0       0x70 C:/msys64/mingw64/bin/../lib/gcc/x86_64-w64-mingw32/14.2.0/../../../../lib/libmingwex.a(lib64_libmingwex_a-mingw_vfscanf.o)
 .xdata.unlikely
                0x0000000140018330       0x28 C:/msys64/mingw64/bin/../lib/gcc/x86_64-w64-mingw32/14.2.0/../../../../lib/libmingwex.a(lib64_libmingwex_a-mingw_vfscanf.o)
 .xdata         0x0000000140018358        0x8 C:/msys64/mingw64/bin/../lib/gcc/x86_64-w64-mingw32/14.2.0/../../../../lib/libmingwex.a(lib64_libmingwex_a-strtof.o)
 .xdata         0x0000000140018360        0x8 C:/msys64/mingw64/bin/../lib/gcc/x86_64-w64-mingw32/14.2.0/../../../../lib/libmingwex.a(lib64_libmingwex_a-strtopx.o)
 .xdata         0x0000000140018368       0xfc C:/msys64/mingw64/bin/../lib/gcc/x86_64-w64-mingw32/14.2.0/../../../../lib/libmingwex.a(lib64_libmingwex_a-mingw_pformat.o)
 .xdata         0x0000000140018464       0x30 C:/msys64/mingw64/bin/../lib/gcc/x86_64-w64-mingw32/14.2.0/../../../../lib/libmingwex.a(lib64_libmingwex_a-dmisc.o)
 .xdata         0x0000000140018494       0x18 C:/msys64/mingw64/bin/../lib/gcc/x86_64-w64-mingw32/14.2.0/../../../../lib/libmingwex.a(lib64_libmingwex_a-gdtoa.o)
 .xdata         0x00000001400184ac       0x20 C:/msys64/mingw64/bin/../lib/gcc/x86_64-w64-mingw32/14.2.0/../../../../lib/libmingwex.a(lib64_libmingwex_a-g__fmt.o)
 .xdata         0x00000001400184cc       0x14 C:/msys64/mingw64/bin/../lib/gcc/x86_64-w64-mingw32/14.2.0/../../../../lib/libmingwex.a(lib64_libmingwex_a-gmisc.o)
 .xdata         0x00000001400184e0       0xb0 C:/msys64/mingw64/bin/../lib/gcc/x86_64-w64-mingw32/14.2.0/../../../../lib/libmingwex.a(lib64_libmingwex_a-misc.o)
 .xdata         0x0000000140018590       0x64 C:/msys64/mingw64/bin/../lib/gcc/x86_64-w64-mingw32/14.2.0/../../../../lib/libmingwex.a(lib64_libmingwex_a-strtodg.o)
 .xdata         0x00000001400185f4       0x18 C:/msys64/mingw64/bin/../lib/gcc/x86_64-w64-mingw32/14.2.0/../../../../lib/libmingwex.a(lib64_libmingwex_a-sum.o)
 .xdata         0x000000014001860c       0x18 C:/msys64/mingw64/bin/../lib/gcc/x86_64-w64-mingw32/14.2.0/../../../../lib/libmingwex.a(lib64_libmingwex_a-gethex.o)
 .xdata         0x0000000140018624       0x18 C:/msys64/mingw64/bin/../lib/gcc/x86_64-w64-mingw32/14.2.0/../../../../lib/libmingwex.a(lib64_libmingwex_a-hexnan.o)
 .xdata         0x000000014001863c       0x34 C:/msys64/mingw64/bin/../lib/gcc/x86_64-w64-mingw32/14.2.0/../../../../lib/libmingwex.a(lib64_libmingwex_a-smisc.o)
 .xdata         0x0000000140018670        0x4 C:/msys64/mingw64/bin/../lib/gcc/x86_64-w64-mingw32/14.2.0/../../../../lib/libmsvcrt.a(lib64_libmsvcrt_extra_a-wcsnlen.o)
 .xdata         0x0000000140018674       0x28 C:/msys64/mingw64/bin/../lib/gcc/x86_64-w64-mingw32/14.2.0/../../../../lib/libmsvcrt.a(lib64_libmsvcrt_extra_a-wcrtomb.o)
 .xdata         0x000000014001869c        0x4 C:/msys64/mingw64/bin/../lib/gcc/x86_64-w64-mingw32/14.2.0/../../../../lib/libmsvcrt.a(lib64_libmsvcrt_extra_a-strnlen.o)
 .xdata         0x00000001400186a0       0x40 C:/msys64/mingw64/bin/../lib/gcc/x86_64-w64-mingw32/14.2.0/../../../../lib/libmsvcrt.a(lib64_libmsvcrt_extra_a-mbrtowc.o)
 .xdata         0x00000001400186e0        0x4 C:/msys64/mingw64/bin/../lib/gcc/x86_64-w64-mingw32/14.2.0/../../../../lib/libmsvcrt.a(lib64_libmsvcrt_extra_a-__p__fmode.o)
 .xdata         0x00000001400186e4        0x4 C:/msys64/mingw64/bin/../lib/gcc/x86_64-w64-mingw32/14.2.0/../../../../lib/libmsvcrt.a(lib64_libmsvcrt_extra_a-__p__commode.o)
 .xdata         0x00000001400186e8        0x4 C:/msys64/mingw64/bin/../lib/gcc/x86_64-w64-mingw32/14.2.0/../../../../lib/libmsvcrt.a(lib64_libmsvcrt_extra_a-__p___initenv.o)
 .xdata         0x00000001400186ec       0x10 C:/msys64/mingw64/bin/../lib/gcc/x86_64-w64-mingw32/14.2.0/../../../../lib/libmsvcrt.a(lib64_libmsvcrt_extra_a-mingw_lock.o)
 .xdata         0x00000001400186fc        0x8 C:/msys64/mingw64/bin/../lib/gcc/x86_64-w64-mingw32/14.2.0/../../../../lib/libmsvcrt.a(lib64_libmsvcrt_extra_a-invalid_parameter_handler.o)
 .xdata         0x0000000140018704        0x8 C:/msys64/mingw64/bin/../lib/gcc/x86_64-w64-mingw32/14.2.0/../../../../lib/libmsvcrt.a(lib64_libmsvcrt_common_a-acrt_iob_func.o)
 .xdata.startup
                0x000000014001870c        0x4 C:/msys64/mingw64/bin/../lib/gcc/x86_64-w64-mingw32/14.2.0/crtend.o

.bss            0x0000000140019000      0xba0
                0x0000000140019000                __bss_start__ = .
 *(.bss)
 .bss           0x0000000140019000       0x30 C:/msys64/mingw64/bin/../lib/gcc/x86_64-w64-mingw32/14.2.0/../../../../lib/crt2.o
                0x0000000140019000                __mingw_module_is_dll
 .bss           0x0000000140019030        0x0 C:/msys64/mingw64/bin/../lib/gcc/x86_64-w64-mingw32/14.2.0/crtbegin.o
 .bss           0x0000000140019030       0x10 build/biblioteca_verbose.o
                0x0000000140019030                bss_var
 .bss           0x0000000140019040       0x20 build/memory_management_verbose.o
                0x0000000140019040                heap_allocations
                0x0000000140019044                heap_deallocations
                0x0000000140019048                stack_allocations
                0x000000014001904c                stack_deallocations
                0x0000000140019050                heap_memory_records
 .bss           0x0000000140019060       0x10 C:/msys64/mingw64/bin/../lib/gcc/x86_64-w64-mingw32/14.2.0/../../../../lib/libmingw32.a(lib64_libmingw32_a-gccmain.o)
 .bss           0x0000000140019070       0x10 C:/msys64/mingw64/bin/../lib/gcc/x86_64-w64-mingw32/14.2.0/../../../../lib/libmingw32.a(lib64_libmingw32_a-natstart.o)
                0x0000000140019070                __native_startup_lock
                0x0000000140019078                __native_startup_state
 .bss           0x0000000140019080        0x0 C:/msys64/mingw64/bin/../lib/gcc/x86_64-w64-mingw32/14.2.0/../../../../lib/libmingw32.a(lib64_libmingw32_a-wildcard.o)
 .bss           0x0000000140019080        0x0 C:/msys64/mingw64/bin/../lib/gcc/x86_64-w64-mingw32/14.2.0/../../../../lib/libmingw32.a(lib64_libmingw32_a-dllargv.o)
 .bss           0x0000000140019080       0x10 C:/msys64/mingw64/bin/../lib/gcc/x86_64-w64-mingw32/14.2.0/../../../../lib/libmingw32.a(lib64_libmingw32_a-_newmode.o)
                0x0000000140019080                _newmode
 .bss           0x0000000140019090       0x10 C:/msys64/mingw64/bin/../lib/gcc/x86_64-w64-mingw32/14.2.0/../../../../lib/libmingw32.a(lib64_libmingw32_a-tlssup.o)
                0x0000000140019090                __mingw_initltssuo_force
                0x0000000140019094                __mingw_initltsdyn_force
                0x0000000140019098                __mingw_initltsdrot_force
                0x000000014001909c                _tls_index
 .bss           0x00000001400190a0       0x10 C:/msys64/mingw64/bin/../lib/gcc/x86_64-w64-mingw32/14.2.0/../../../../lib/libmingw32.a(lib64_libmingw32_a-xncommod.o)
                0x00000001400190a0                _commode
 .bss           0x00000001400190b0        0x0 C:/msys64/mingw64/bin/../lib/gcc/x86_64-w64-mingw32/14.2.0/../../../../lib/libmingw32.a(lib64_libmingw32_a-cinitexe.o)
 .bss           0x00000001400190b0        0x0 C:/msys64/mingw64/bin/../lib/gcc/x86_64-w64-mingw32/14.2.0/../../../../lib/libmingw32.a(lib64_libmingw32_a-merr.o)
 .bss           0x00000001400190b0        0x0 C:/msys64/mingw64/bin/../lib/gcc/x86_64-w64-mingw32/14.2.0/../../../../lib/libmingw32.a(lib64_libmingw32_a-CRT_fp10.o)
 .bss           0x00000001400190b0       0x10 C:/msys64/mingw64/bin/../lib/gcc/x86_64-w64-mingw32/14.2.0/../../../../lib/libmingw32.a(lib64_libmingw32_a-mingw_helpers.o)
                0x00000001400190b0                __mingw_app_type
 .bss           0x00000001400190c0       0x10 C:/msys64/mingw64/bin/../lib/gcc/x86_64-w64-mingw32/14.2.0/../../../../lib/libmingw32.a(lib64_libmingw32_a-pseudo-reloc.o)
 .bss           0x00000001400190d0       0x10 C:/msys64/mingw64/bin/../lib/gcc/x86_64-w64-mingw32/14.2.0/../../../../lib/libmingw32.a(lib64_libmingw32_a-usermatherr.o)
 .bss           0x00000001400190e0       0x10 C:/msys64/mingw64/bin/../lib/gcc/x86_64-w64-mingw32/14.2.0/../../../../lib/libmingw32.a(lib64_libmingw32_a-xtxtmode.o)
                0x00000001400190e0                _fmode
 .bss           0x00000001400190f0       0x10 C:/msys64/mingw64/bin/../lib/gcc/x86_64-w64-mingw32/14.2.0/../../../../lib/libmingw32.a(lib64_libmingw32_a-crt_handler.o)
                0x00000001400190f0                __mingw_oldexcpt_handler
 .bss           0x0000000140019100       0x60 C:/msys64/mingw64/bin/../lib/gcc/x86_64-w64-mingw32/14.2.0/../../../../lib/libmingw32.a(lib64_libmingw32_a-tlsthrd.o)
 .bss           0x0000000140019160        0x0 C:/msys64/mingw64/bin/../lib/gcc/x86_64-w64-mingw32/14.2.0/../../../../lib/libmingw32.a(lib64_libmingw32_a-tlsmcrt.o)
 .bss           0x0000000140019160       0x10 C:/msys64/mingw64/bin/../lib/gcc/x86_64-w64-mingw32/14.2.0/../../../../lib/libmingw32.a(lib64_libmingw32_a-pseudo-reloc-list.o)
 .bss           0x0000000140019170        0x0 C:/msys64/mingw64/bin/../lib/gcc/x86_64-w64-mingw32/14.2.0/../../../../lib/libmingw32.a(lib64_libmingw32_a-pesect.o)
 .bss           0x0000000140019170        0x0 C:/msys64/mingw64/bin/../lib/gcc/x86_64-w64-mingw32/14.2.0/libgcc.a(_chkstk_ms.o)
 .bss           0x0000000140019170       0x20 C:/msys64/mingw64/bin/../lib/gcc/x86_64-w64-mingw32/14.2.0/libgcc.a(_ctors.o)
 .bss           0x0000000140019190        0x0 C:/msys64/mingw64/bin/../lib/gcc/x86_64-w64-mingw32/14.2.0/../../../../lib/libmingwex.a(lib64_libmingwex_a-mingw_matherr.o)
 .bss           0x0000000140019190        0x0 C:/msys64/mingw64/bin/../lib/gcc/x86_64-w64-mingw32/14.2.0/../../../../lib/libmingwex.a(lib64_libmingwex_a-mingw_vfprintf.o)
 .bss           0x0000000140019190        0x0 C:/msys64/mingw64/bin/../lib/gcc/x86_64-w64-mingw32/14.2.0/../../../../lib/libmingwex.a(lib64_libmingwex_a-mingw_vfscanf.o)
 .bss           0x0000000140019190        0x0 C:/msys64/mingw64/bin/../lib/gcc/x86_64-w64-mingw32/14.2.0/../../../../lib/libmingwex.a(lib64_libmingwex_a-strtof.o)